Archive member included to satisfy reference by file (symbol)

/usr/lib/gcc/avr/5.4.0/avr6/libgcc.a(_exit.o)
                              /usr/lib/gcc/avr/5.4.0/../../../avr/lib/avr6/crtatmega2560.o (exit)
/usr/lib/gcc/avr/5.4.0/avr6/libgcc.a(_copy_data.o)
                              ./FSM.o (__do_copy_data)
/usr/lib/gcc/avr/5.4.0/avr6/libgcc.a(_clear_bss.o)
                              ./FSM.o (__do_clear_bss)
/usr/lib/gcc/avr/5.4.0/avr6/libgcc.a(_umulhisi3.o)
                              ./USART.o (__umulhisi3)
/usr/lib/gcc/avr/5.4.0/../../../avr/lib/avr6/libm.a(addsf3.o)
                              ./MapMaze.o (__addsf3)
/usr/lib/gcc/avr/5.4.0/../../../avr/lib/avr6/libm.a(addsf3x.o)
                              /usr/lib/gcc/avr/5.4.0/../../../avr/lib/avr6/libm.a(addsf3.o) (__addsf3x)
/usr/lib/gcc/avr/5.4.0/../../../avr/lib/avr6/libm.a(cmpsf2.o)
                              ./MotorDriver.o (__ltsf2)
/usr/lib/gcc/avr/5.4.0/../../../avr/lib/avr6/libm.a(fixunssfsi.o)
                              ./MapMaze.o (__fixunssfsi)
/usr/lib/gcc/avr/5.4.0/../../../avr/lib/avr6/libm.a(floatsisf.o)
                              ./MapMaze.o (__floatunsisf)
/usr/lib/gcc/avr/5.4.0/../../../avr/lib/avr6/libm.a(fp_cmp.o)
                              /usr/lib/gcc/avr/5.4.0/../../../avr/lib/avr6/libm.a(cmpsf2.o) (__fp_cmp)
/usr/lib/gcc/avr/5.4.0/../../../avr/lib/avr6/libm.a(fp_inf.o)
                              /usr/lib/gcc/avr/5.4.0/../../../avr/lib/avr6/libm.a(addsf3x.o) (__fp_inf)
/usr/lib/gcc/avr/5.4.0/../../../avr/lib/avr6/libm.a(fp_nan.o)
                              /usr/lib/gcc/avr/5.4.0/../../../avr/lib/avr6/libm.a(addsf3x.o) (__fp_nan)
/usr/lib/gcc/avr/5.4.0/../../../avr/lib/avr6/libm.a(fp_pscA.o)
                              /usr/lib/gcc/avr/5.4.0/../../../avr/lib/avr6/libm.a(addsf3x.o) (__fp_pscA)
/usr/lib/gcc/avr/5.4.0/../../../avr/lib/avr6/libm.a(fp_pscB.o)
                              /usr/lib/gcc/avr/5.4.0/../../../avr/lib/avr6/libm.a(addsf3x.o) (__fp_pscB)
/usr/lib/gcc/avr/5.4.0/../../../avr/lib/avr6/libm.a(fp_round.o)
                              /usr/lib/gcc/avr/5.4.0/../../../avr/lib/avr6/libm.a(addsf3.o) (__fp_round)
/usr/lib/gcc/avr/5.4.0/../../../avr/lib/avr6/libm.a(fp_split3.o)
                              /usr/lib/gcc/avr/5.4.0/../../../avr/lib/avr6/libm.a(addsf3x.o) (__fp_split3)
/usr/lib/gcc/avr/5.4.0/../../../avr/lib/avr6/libm.a(fp_zero.o)
                              /usr/lib/gcc/avr/5.4.0/../../../avr/lib/avr6/libm.a(addsf3x.o) (__fp_zero)
/usr/lib/gcc/avr/5.4.0/../../../avr/lib/avr6/libm.a(gesf2.o)
                              ./MotorDriver.o (__gtsf2)
/usr/lib/gcc/avr/5.4.0/../../../avr/lib/avr6/libm.a(mulsf3.o)
                              ./MotorDriver.o (__mulsf3)
/usr/lib/gcc/avr/5.4.0/../../../avr/lib/avr6/libm.a(mulsf3x.o)
                              /usr/lib/gcc/avr/5.4.0/../../../avr/lib/avr6/libm.a(mulsf3.o) (__mulsf3x)
/usr/lib/gcc/avr/5.4.0/../../../avr/lib/avr6/libm.a(pow.o)
                              ./MapMaze.o (pow)
/usr/lib/gcc/avr/5.4.0/../../../avr/lib/avr6/libm.a(sqrt.o)
                              ./MapMaze.o (sqrt)
/usr/lib/gcc/avr/5.4.0/../../../avr/lib/avr6/libm.a(exp.o)
                              /usr/lib/gcc/avr/5.4.0/../../../avr/lib/avr6/libm.a(pow.o) (exp)
/usr/lib/gcc/avr/5.4.0/../../../avr/lib/avr6/libm.a(fp_mpack.o)
                              /usr/lib/gcc/avr/5.4.0/../../../avr/lib/avr6/libm.a(sqrt.o) (__fp_mpack)
/usr/lib/gcc/avr/5.4.0/../../../avr/lib/avr6/libm.a(fp_norm2.o)
                              /usr/lib/gcc/avr/5.4.0/../../../avr/lib/avr6/libm.a(sqrt.o) (__fp_norm2)
/usr/lib/gcc/avr/5.4.0/../../../avr/lib/avr6/libm.a(fp_powser.o)
                              /usr/lib/gcc/avr/5.4.0/../../../avr/lib/avr6/libm.a(exp.o) (__fp_powser)
/usr/lib/gcc/avr/5.4.0/../../../avr/lib/avr6/libm.a(inverse.o)
                              /usr/lib/gcc/avr/5.4.0/../../../avr/lib/avr6/libm.a(exp.o) (inverse)
/usr/lib/gcc/avr/5.4.0/../../../avr/lib/avr6/libm.a(ldexp.o)
                              /usr/lib/gcc/avr/5.4.0/../../../avr/lib/avr6/libm.a(exp.o) (ldexp)
/usr/lib/gcc/avr/5.4.0/../../../avr/lib/avr6/libm.a(log.o)
                              /usr/lib/gcc/avr/5.4.0/../../../avr/lib/avr6/libm.a(pow.o) (log)
/usr/lib/gcc/avr/5.4.0/../../../avr/lib/avr6/libm.a(modf.o)
                              /usr/lib/gcc/avr/5.4.0/../../../avr/lib/avr6/libm.a(exp.o) (modf)
/usr/lib/gcc/avr/5.4.0/../../../avr/lib/avr6/libm.a(divsf3.o)
                              /usr/lib/gcc/avr/5.4.0/../../../avr/lib/avr6/libm.a(inverse.o) (__divsf3)
/usr/lib/gcc/avr/5.4.0/../../../avr/lib/avr6/libm.a(divsf3x.o)
                              /usr/lib/gcc/avr/5.4.0/../../../avr/lib/avr6/libm.a(divsf3.o) (__divsf3x)

Allocating common symbols
Common symbol       size              file

CurrentPos          0x4               ./FSM.o
CurStateRobo        0x1               ./FSM.o
posDes              0x2               ./FSM.o
DirToGo             0x2               ./FSM.o
maze                0x1c20            ./FSM.o
direction           0x4               ./FSM.o
isExecute           0x1               ./FSM.o
StateRobo           0x1               ./FSM.o
imstuck             0x1               ./FSM.o
headdirect          0x4               ./FSM.o
ArrayProp           0x2               ./FSM.o

Memory Configuration

Name             Origin             Length             Attributes
text             0x0000000000000000 0x0000000000100000 xr
data             0x0000000000800200 0x000000000000fe00 rw !x
eeprom           0x0000000000810000 0x0000000000010000 rw !x
fuse             0x0000000000820000 0x0000000000000003 rw !x
lock             0x0000000000830000 0x0000000000000400 rw !x
signature        0x0000000000840000 0x0000000000000400 rw !x
user_signatures  0x0000000000850000 0x0000000000000400 rw !x
*default*        0x0000000000000000 0xffffffffffffffff

Linker script and memory map

Address of section .data set to 0x800200
LOAD /usr/lib/gcc/avr/5.4.0/../../../avr/lib/avr6/crtatmega2560.o
LOAD ./FSM.o
LOAD ./GeneralFunc.o
LOAD ./MapMaze.o
LOAD ./MotorDriver.o
LOAD ./Obs.o
LOAD ./PinDefined.o
LOAD ./USART.o
LOAD ./main.o
START GROUP
LOAD /usr/lib/gcc/avr/5.4.0/avr6/libgcc.a
LOAD /usr/lib/gcc/avr/5.4.0/../../../avr/lib/avr6/libm.a
LOAD /usr/lib/gcc/avr/5.4.0/../../../avr/lib/avr6/libc.a
LOAD /usr/lib/gcc/avr/5.4.0/../../../avr/lib/avr6/libatmega2560.a
END GROUP
                0x0000000000100000                __TEXT_REGION_LENGTH__ = DEFINED (__TEXT_REGION_LENGTH__)?__TEXT_REGION_LENGTH__:0x100000
                0x000000000000fe00                __DATA_REGION_LENGTH__ = DEFINED (__DATA_REGION_LENGTH__)?__DATA_REGION_LENGTH__:0xfe00
                0x0000000000010000                __EEPROM_REGION_LENGTH__ = DEFINED (__EEPROM_REGION_LENGTH__)?__EEPROM_REGION_LENGTH__:0x10000
                [0x0000000000000003]                __FUSE_REGION_LENGTH__ = DEFINED (__FUSE_REGION_LENGTH__)?__FUSE_REGION_LENGTH__:0x400
                0x0000000000000400                __LOCK_REGION_LENGTH__ = DEFINED (__LOCK_REGION_LENGTH__)?__LOCK_REGION_LENGTH__:0x400
                0x0000000000000400                __SIGNATURE_REGION_LENGTH__ = DEFINED (__SIGNATURE_REGION_LENGTH__)?__SIGNATURE_REGION_LENGTH__:0x400
                0x0000000000000400                __USER_SIGNATURE_REGION_LENGTH__ = DEFINED (__USER_SIGNATURE_REGION_LENGTH__)?__USER_SIGNATURE_REGION_LENGTH__:0x400

.hash
 *(.hash)

.dynsym
 *(.dynsym)

.dynstr
 *(.dynstr)

.gnu.version
 *(.gnu.version)

.gnu.version_d
 *(.gnu.version_d)

.gnu.version_r
 *(.gnu.version_r)

.rel.init
 *(.rel.init)

.rela.init
 *(.rela.init)

.rel.text
 *(.rel.text)
 *(.rel.text.*)
 *(.rel.gnu.linkonce.t*)

.rela.text
 *(.rela.text)
 *(.rela.text.*)
 *(.rela.gnu.linkonce.t*)

.rel.fini
 *(.rel.fini)

.rela.fini
 *(.rela.fini)

.rel.rodata
 *(.rel.rodata)
 *(.rel.rodata.*)
 *(.rel.gnu.linkonce.r*)

.rela.rodata
 *(.rela.rodata)
 *(.rela.rodata.*)
 *(.rela.gnu.linkonce.r*)

.rel.data
 *(.rel.data)
 *(.rel.data.*)
 *(.rel.gnu.linkonce.d*)

.rela.data
 *(.rela.data)
 *(.rela.data.*)
 *(.rela.gnu.linkonce.d*)

.rel.ctors
 *(.rel.ctors)

.rela.ctors
 *(.rela.ctors)

.rel.dtors
 *(.rel.dtors)

.rela.dtors
 *(.rela.dtors)

.rel.got
 *(.rel.got)

.rela.got
 *(.rela.got)

.rel.bss
 *(.rel.bss)

.rela.bss
 *(.rela.bss)

.rel.plt
 *(.rel.plt)

.rela.plt
 *(.rela.plt)

.text           0x0000000000000000     0x2dda
 *(.vectors)
 .vectors       0x0000000000000000       0xe4 /usr/lib/gcc/avr/5.4.0/../../../avr/lib/avr6/crtatmega2560.o
                0x0000000000000000                __vectors
                0x0000000000000000                __vector_default
 *(.vectors)
 *(.progmem.gcc*)
 .progmem.gcc_fplib
                0x00000000000000e4       0x28 /usr/lib/gcc/avr/5.4.0/../../../avr/lib/avr6/libm.a(exp.o)
 .progmem.gcc_fplib
                0x000000000000010c       0x5a /usr/lib/gcc/avr/5.4.0/../../../avr/lib/avr6/libm.a(log.o)
                0x0000000000000166                . = ALIGN (0x2)
                0x0000000000000166                __trampolines_start = .
 *(.trampolines)
 .trampolines   0x0000000000000166        0x0 linker stubs
 *(.trampolines*)
                0x0000000000000166                __trampolines_end = .
 *libprintf_flt.a:*(.progmem.data)
 *libc.a:*(.progmem.data)
 *(.progmem*)
                0x0000000000000166                . = ALIGN (0x2)
 *(.jumptables)
 *(.jumptables*)
 *(.lowtext)
 *(.lowtext*)
                0x0000000000000166                __ctors_start = .
 *(.ctors)
                0x0000000000000166                __ctors_end = .
                0x0000000000000166                __dtors_start = .
 *(.dtors)
                0x0000000000000166                __dtors_end = .
 SORT(*)(.ctors)
 SORT(*)(.dtors)
 *(.init0)
 .init0         0x0000000000000166        0x0 /usr/lib/gcc/avr/5.4.0/../../../avr/lib/avr6/crtatmega2560.o
                0x0000000000000166                __init
 *(.init0)
 *(.init1)
 *(.init1)
 *(.init2)
 .init2         0x0000000000000166       0x10 /usr/lib/gcc/avr/5.4.0/../../../avr/lib/avr6/crtatmega2560.o
 *(.init2)
 *(.init3)
 *(.init3)
 *(.init4)
 .init4         0x0000000000000176       0x1a /usr/lib/gcc/avr/5.4.0/avr6/libgcc.a(_copy_data.o)
                0x0000000000000176                __do_copy_data
 .init4         0x0000000000000190       0x10 /usr/lib/gcc/avr/5.4.0/avr6/libgcc.a(_clear_bss.o)
                0x0000000000000190                __do_clear_bss
 *(.init4)
 *(.init5)
 *(.init5)
 *(.init6)
 *(.init6)
 *(.init7)
 *(.init7)
 *(.init8)
 *(.init8)
 *(.init9)
 .init9         0x00000000000001a0        0x8 /usr/lib/gcc/avr/5.4.0/../../../avr/lib/avr6/crtatmega2560.o
 *(.init9)
 *(.text)
 .text          0x00000000000001a8        0x4 /usr/lib/gcc/avr/5.4.0/../../../avr/lib/avr6/crtatmega2560.o
                0x00000000000001a8                __vector_38
                0x00000000000001a8                __vector_22
                0x00000000000001a8                __vector_28
                0x00000000000001a8                __vector_1
                0x00000000000001a8                __vector_32
                0x00000000000001a8                __vector_34
                0x00000000000001a8                __vector_24
                0x00000000000001a8                __vector_12
                0x00000000000001a8                __vector_55
                0x00000000000001a8                __vector_46
                0x00000000000001a8                __bad_interrupt
                0x00000000000001a8                __vector_6
                0x00000000000001a8                __vector_31
                0x00000000000001a8                __vector_35
                0x00000000000001a8                __vector_39
                0x00000000000001a8                __vector_3
                0x00000000000001a8                __vector_23
                0x00000000000001a8                __vector_30
                0x00000000000001a8                __vector_45
                0x00000000000001a8                __vector_25
                0x00000000000001a8                __vector_11
                0x00000000000001a8                __vector_54
                0x00000000000001a8                __vector_13
                0x00000000000001a8                __vector_17
                0x00000000000001a8                __vector_19
                0x00000000000001a8                __vector_56
                0x00000000000001a8                __vector_7
                0x00000000000001a8                __vector_49
                0x00000000000001a8                __vector_41
                0x00000000000001a8                __vector_43
                0x00000000000001a8                __vector_27
                0x00000000000001a8                __vector_5
                0x00000000000001a8                __vector_33
                0x00000000000001a8                __vector_47
                0x00000000000001a8                __vector_52
                0x00000000000001a8                __vector_37
                0x00000000000001a8                __vector_4
                0x00000000000001a8                __vector_44
                0x00000000000001a8                __vector_51
                0x00000000000001a8                __vector_9
                0x00000000000001a8                __vector_2
                0x00000000000001a8                __vector_21
                0x00000000000001a8                __vector_15
                0x00000000000001a8                __vector_36
                0x00000000000001a8                __vector_29
                0x00000000000001a8                __vector_40
                0x00000000000001a8                __vector_8
                0x00000000000001a8                __vector_26
                0x00000000000001a8                __vector_48
                0x00000000000001a8                __vector_14
                0x00000000000001a8                __vector_53
                0x00000000000001a8                __vector_10
                0x00000000000001a8                __vector_50
                0x00000000000001a8                __vector_16
                0x00000000000001a8                __vector_18
                0x00000000000001a8                __vector_20
                0x00000000000001a8                __vector_42
 .text          0x00000000000001ac        0x0 ./FSM.o
 .text          0x00000000000001ac        0x0 ./GeneralFunc.o
 .text          0x00000000000001ac        0x0 ./MapMaze.o
 .text          0x00000000000001ac        0x0 ./MotorDriver.o
 .text          0x00000000000001ac        0x0 ./Obs.o
 .text          0x00000000000001ac        0x0 ./PinDefined.o
 .text          0x00000000000001ac        0x0 ./USART.o
 .text          0x00000000000001ac        0x0 ./main.o
 .text          0x00000000000001ac        0x0 /usr/lib/gcc/avr/5.4.0/avr6/libgcc.a(_exit.o)
 .text          0x00000000000001ac        0x0 /usr/lib/gcc/avr/5.4.0/avr6/libgcc.a(_copy_data.o)
 .text          0x00000000000001ac        0x0 /usr/lib/gcc/avr/5.4.0/avr6/libgcc.a(_clear_bss.o)
 .text          0x00000000000001ac        0x0 /usr/lib/gcc/avr/5.4.0/avr6/libgcc.a(_umulhisi3.o)
 .text          0x00000000000001ac        0x0 /usr/lib/gcc/avr/5.4.0/../../../avr/lib/avr6/libm.a(addsf3.o)
 .text          0x00000000000001ac        0x0 /usr/lib/gcc/avr/5.4.0/../../../avr/lib/avr6/libm.a(addsf3x.o)
 .text          0x00000000000001ac        0x0 /usr/lib/gcc/avr/5.4.0/../../../avr/lib/avr6/libm.a(cmpsf2.o)
 .text          0x00000000000001ac        0x0 /usr/lib/gcc/avr/5.4.0/../../../avr/lib/avr6/libm.a(fixunssfsi.o)
 .text          0x00000000000001ac        0x0 /usr/lib/gcc/avr/5.4.0/../../../avr/lib/avr6/libm.a(floatsisf.o)
 .text          0x00000000000001ac        0x0 /usr/lib/gcc/avr/5.4.0/../../../avr/lib/avr6/libm.a(fp_cmp.o)
 .text          0x00000000000001ac        0x0 /usr/lib/gcc/avr/5.4.0/../../../avr/lib/avr6/libm.a(fp_inf.o)
 .text          0x00000000000001ac        0x0 /usr/lib/gcc/avr/5.4.0/../../../avr/lib/avr6/libm.a(fp_nan.o)
 .text          0x00000000000001ac        0x0 /usr/lib/gcc/avr/5.4.0/../../../avr/lib/avr6/libm.a(fp_pscA.o)
 .text          0x00000000000001ac        0x0 /usr/lib/gcc/avr/5.4.0/../../../avr/lib/avr6/libm.a(fp_pscB.o)
 .text          0x00000000000001ac        0x0 /usr/lib/gcc/avr/5.4.0/../../../avr/lib/avr6/libm.a(fp_round.o)
 .text          0x00000000000001ac        0x0 /usr/lib/gcc/avr/5.4.0/../../../avr/lib/avr6/libm.a(fp_split3.o)
 .text          0x00000000000001ac        0x0 /usr/lib/gcc/avr/5.4.0/../../../avr/lib/avr6/libm.a(fp_zero.o)
 .text          0x00000000000001ac        0x0 /usr/lib/gcc/avr/5.4.0/../../../avr/lib/avr6/libm.a(gesf2.o)
 .text          0x00000000000001ac        0x0 /usr/lib/gcc/avr/5.4.0/../../../avr/lib/avr6/libm.a(mulsf3.o)
 .text          0x00000000000001ac        0x0 /usr/lib/gcc/avr/5.4.0/../../../avr/lib/avr6/libm.a(mulsf3x.o)
 .text          0x00000000000001ac        0x0 /usr/lib/gcc/avr/5.4.0/../../../avr/lib/avr6/libm.a(pow.o)
 .text          0x00000000000001ac        0x0 /usr/lib/gcc/avr/5.4.0/../../../avr/lib/avr6/libm.a(sqrt.o)
 .text          0x00000000000001ac        0x0 /usr/lib/gcc/avr/5.4.0/../../../avr/lib/avr6/libm.a(exp.o)
 .text          0x00000000000001ac        0x0 /usr/lib/gcc/avr/5.4.0/../../../avr/lib/avr6/libm.a(fp_mpack.o)
 .text          0x00000000000001ac        0x0 /usr/lib/gcc/avr/5.4.0/../../../avr/lib/avr6/libm.a(fp_norm2.o)
 .text          0x00000000000001ac        0x0 /usr/lib/gcc/avr/5.4.0/../../../avr/lib/avr6/libm.a(fp_powser.o)
 .text          0x00000000000001ac        0x0 /usr/lib/gcc/avr/5.4.0/../../../avr/lib/avr6/libm.a(inverse.o)
 .text          0x00000000000001ac        0x0 /usr/lib/gcc/avr/5.4.0/../../../avr/lib/avr6/libm.a(ldexp.o)
 .text          0x00000000000001ac        0x0 /usr/lib/gcc/avr/5.4.0/../../../avr/lib/avr6/libm.a(log.o)
 .text          0x00000000000001ac        0x0 /usr/lib/gcc/avr/5.4.0/../../../avr/lib/avr6/libm.a(modf.o)
 .text          0x00000000000001ac        0x0 /usr/lib/gcc/avr/5.4.0/../../../avr/lib/avr6/libm.a(divsf3.o)
 .text          0x00000000000001ac        0x0 /usr/lib/gcc/avr/5.4.0/../../../avr/lib/avr6/libm.a(divsf3x.o)
                0x00000000000001ac                . = ALIGN (0x2)
 *(.text.*)
 .text.FiniteState
                0x00000000000001ac      0x194 ./FSM.o
                0x00000000000001ac                FiniteState
 .text.analogWrite
                0x0000000000000340       0xae ./GeneralFunc.o
                0x0000000000000340                analogWrite
 .text.pwm_init
                0x00000000000003ee       0x34 ./GeneralFunc.o
                0x00000000000003ee                pwm_init
 .text.analogRead
                0x0000000000000422       0x60 ./GeneralFunc.o
                0x0000000000000422                analogRead
 .text.adc_init
                0x0000000000000482       0x34 ./GeneralFunc.o
                0x0000000000000482                adc_init
 .text.mapping  0x00000000000004b6       0x2a ./GeneralFunc.o
                0x00000000000004b6                mapping
 .text.CheckObs
                0x00000000000004e0      0x7ca ./MapMaze.o
                0x00000000000004e0                CheckObs
 .text.UpdateArray
                0x0000000000000caa       0x6c ./MapMaze.o
                0x0000000000000caa                UpdateArray
 .text.CheckMaze
                0x0000000000000d16      0x12e ./MapMaze.o
                0x0000000000000d16                CheckMaze
 .text.EcluideanDist
                0x0000000000000e44       0xe2 ./MapMaze.o
                0x0000000000000e44                EcluideanDist
 .text.initMaze
                0x0000000000000f26       0x94 ./MapMaze.o
                0x0000000000000f26                initMaze
 .text.TothatBox
                0x0000000000000fba      0xaf4 ./MapMaze.o
                0x0000000000000fba                TothatBox
 .text.FindTheDest
                0x0000000000001aae       0xc4 ./MapMaze.o
                0x0000000000001aae                FindTheDest
 .text.BackToHome
                0x0000000000001b72       0x40 ./MapMaze.o
                0x0000000000001b72                BackToHome
 .text.turnright
                0x0000000000001bb2       0x4e ./MotorDriver.o
                0x0000000000001bb2                turnright
 .text.turnleft
                0x0000000000001c00       0x4e ./MotorDriver.o
                0x0000000000001c00                turnleft
 .text.forward  0x0000000000001c4e       0x4e ./MotorDriver.o
                0x0000000000001c4e                forward
 .text.bacrward
                0x0000000000001c9c       0x4e ./MotorDriver.o
                0x0000000000001c9c                bacrward
 .text.stops    0x0000000000001cea      0x11a ./MotorDriver.o
                0x0000000000001cea                stops
 .text.Realstops
                0x0000000000001e04       0x32 ./MotorDriver.o
                0x0000000000001e04                Realstops
 .text.readObs  0x0000000000001e36       0x34 ./Obs.o
                0x0000000000001e36                readObs
 .text.PINtoInt
                0x0000000000001e6a       0x28 ./Obs.o
                0x0000000000001e6a                PINtoInt
 .text.WhereYouGo
                0x0000000000001e92      0x144 ./Obs.o
                0x0000000000001e92                WhereYouGo
 .text.MotorPinInit
                0x0000000000001fd6       0x32 ./PinDefined.o
                0x0000000000001fd6                MotorPinInit
 .text.ObstacleInit
                0x0000000000002008       0x44 ./PinDefined.o
                0x0000000000002008                ObstacleInit
 .text.ExtInit  0x000000000000204c       0x22 ./PinDefined.o
                0x000000000000204c                ExtInit
 .text.initUSART
                0x000000000000206e       0x48 ./USART.o
                0x000000000000206e                initUSART
 .text.transmitByte
                0x00000000000020b6       0x34 ./USART.o
                0x00000000000020b6                transmitByte
 .text.receiveByte
                0x00000000000020ea       0x22 ./USART.o
                0x00000000000020ea                receiveByte
 .text.printString
                0x000000000000210c       0x52 ./USART.o
                0x000000000000210c                printString
 .text.readString
                0x000000000000215e       0x80 ./USART.o
                0x000000000000215e                readString
 .text.printByte
                0x00000000000021de       0x86 ./USART.o
                0x00000000000021de                printByte
 .text.printWord
                0x0000000000002264      0x184 ./USART.o
                0x0000000000002264                printWord
 .text.printBinaryByte
                0x00000000000023e8       0x5e ./USART.o
                0x00000000000023e8                printBinaryByte
 .text.nibbleToHexCharacter
                0x0000000000002446       0x24 ./USART.o
                0x0000000000002446                nibbleToHexCharacter
 .text.printHexByte
                0x000000000000246a       0x3c ./USART.o
                0x000000000000246a                printHexByte
 .text.getNumber
                0x00000000000024a6       0x76 ./USART.o
                0x00000000000024a6                getNumber
 .text.initRobot
                0x000000000000251c       0x54 ./main.o
                0x000000000000251c                initRobot
 .text.main     0x0000000000002570       0x36 ./main.o
                0x0000000000002570                main
 .text.libgcc.mul
                0x00000000000025a6        0x0 /usr/lib/gcc/avr/5.4.0/avr6/libgcc.a(_exit.o)
 .text.libgcc.div
                0x00000000000025a6        0x0 /usr/lib/gcc/avr/5.4.0/avr6/libgcc.a(_exit.o)
 .text.libgcc   0x00000000000025a6        0x0 /usr/lib/gcc/avr/5.4.0/avr6/libgcc.a(_exit.o)
 .text.libgcc.prologue
                0x00000000000025a6        0x0 /usr/lib/gcc/avr/5.4.0/avr6/libgcc.a(_exit.o)
 .text.libgcc.builtins
                0x00000000000025a6        0x0 /usr/lib/gcc/avr/5.4.0/avr6/libgcc.a(_exit.o)
 .text.libgcc.fmul
                0x00000000000025a6        0x0 /usr/lib/gcc/avr/5.4.0/avr6/libgcc.a(_exit.o)
 .text.libgcc.fixed
                0x00000000000025a6        0x0 /usr/lib/gcc/avr/5.4.0/avr6/libgcc.a(_exit.o)
 .text.libgcc.mul
                0x00000000000025a6        0x0 /usr/lib/gcc/avr/5.4.0/avr6/libgcc.a(_copy_data.o)
 .text.libgcc.div
                0x00000000000025a6        0x0 /usr/lib/gcc/avr/5.4.0/avr6/libgcc.a(_copy_data.o)
 .text.libgcc   0x00000000000025a6        0x0 /usr/lib/gcc/avr/5.4.0/avr6/libgcc.a(_copy_data.o)
 .text.libgcc.prologue
                0x00000000000025a6        0x0 /usr/lib/gcc/avr/5.4.0/avr6/libgcc.a(_copy_data.o)
 .text.libgcc.builtins
                0x00000000000025a6        0x0 /usr/lib/gcc/avr/5.4.0/avr6/libgcc.a(_copy_data.o)
 .text.libgcc.fmul
                0x00000000000025a6        0x0 /usr/lib/gcc/avr/5.4.0/avr6/libgcc.a(_copy_data.o)
 .text.libgcc.fixed
                0x00000000000025a6        0x0 /usr/lib/gcc/avr/5.4.0/avr6/libgcc.a(_copy_data.o)
 .text.libgcc.mul
                0x00000000000025a6        0x0 /usr/lib/gcc/avr/5.4.0/avr6/libgcc.a(_clear_bss.o)
 .text.libgcc.div
                0x00000000000025a6        0x0 /usr/lib/gcc/avr/5.4.0/avr6/libgcc.a(_clear_bss.o)
 .text.libgcc   0x00000000000025a6        0x0 /usr/lib/gcc/avr/5.4.0/avr6/libgcc.a(_clear_bss.o)
 .text.libgcc.prologue
                0x00000000000025a6        0x0 /usr/lib/gcc/avr/5.4.0/avr6/libgcc.a(_clear_bss.o)
 .text.libgcc.builtins
                0x00000000000025a6        0x0 /usr/lib/gcc/avr/5.4.0/avr6/libgcc.a(_clear_bss.o)
 .text.libgcc.fmul
                0x00000000000025a6        0x0 /usr/lib/gcc/avr/5.4.0/avr6/libgcc.a(_clear_bss.o)
 .text.libgcc.fixed
                0x00000000000025a6        0x0 /usr/lib/gcc/avr/5.4.0/avr6/libgcc.a(_clear_bss.o)
 .text.libgcc.mul
                0x00000000000025a6       0x1e /usr/lib/gcc/avr/5.4.0/avr6/libgcc.a(_umulhisi3.o)
                0x00000000000025a6                __umulhisi3
 .text.libgcc.div
                0x00000000000025c4        0x0 /usr/lib/gcc/avr/5.4.0/avr6/libgcc.a(_umulhisi3.o)
 .text.libgcc   0x00000000000025c4        0x0 /usr/lib/gcc/avr/5.4.0/avr6/libgcc.a(_umulhisi3.o)
 .text.libgcc.prologue
                0x00000000000025c4        0x0 /usr/lib/gcc/avr/5.4.0/avr6/libgcc.a(_umulhisi3.o)
 .text.libgcc.builtins
                0x00000000000025c4        0x0 /usr/lib/gcc/avr/5.4.0/avr6/libgcc.a(_umulhisi3.o)
 .text.libgcc.fmul
                0x00000000000025c4        0x0 /usr/lib/gcc/avr/5.4.0/avr6/libgcc.a(_umulhisi3.o)
 .text.libgcc.fixed
                0x00000000000025c4        0x0 /usr/lib/gcc/avr/5.4.0/avr6/libgcc.a(_umulhisi3.o)
 .text.avr-libc.fplib
                0x00000000000025c4        0xe /usr/lib/gcc/avr/5.4.0/../../../avr/lib/avr6/libm.a(addsf3.o)
                0x00000000000025c4                __subsf3
                0x00000000000025c6                __addsf3
 .text.avr-libc.fplib
                0x00000000000025d2       0xcc /usr/lib/gcc/avr/5.4.0/../../../avr/lib/avr6/libm.a(addsf3x.o)
                0x00000000000025f4                __addsf3x
 .text.avr-libc.fplib
                0x000000000000269e        0xa /usr/lib/gcc/avr/5.4.0/../../../avr/lib/avr6/libm.a(cmpsf2.o)
                0x000000000000269e                __lesf2
                0x000000000000269e                __nesf2
                0x000000000000269e                __eqsf2
                0x000000000000269e                __cmpsf2
                0x000000000000269e                __ltsf2
 .text.avr-libc.fplib
                0x00000000000026a8       0x5e /usr/lib/gcc/avr/5.4.0/../../../avr/lib/avr6/libm.a(fixunssfsi.o)
                0x00000000000026a8                __fixunssfsi
 .text.avr-libc.fplib
                0x0000000000002706       0x7a /usr/lib/gcc/avr/5.4.0/../../../avr/lib/avr6/libm.a(floatsisf.o)
                0x0000000000002706                __floatunsisf
                0x000000000000270a                __floatsisf
 .text.avr-libc.fplib
                0x0000000000002780       0x48 /usr/lib/gcc/avr/5.4.0/../../../avr/lib/avr6/libm.a(fp_cmp.o)
                0x0000000000002780                __fp_cmp
 .text.avr-libc.fplib
                0x00000000000027c8        0xc /usr/lib/gcc/avr/5.4.0/../../../avr/lib/avr6/libm.a(fp_inf.o)
                0x00000000000027c8                __fp_inf
 .text.avr-libc.fplib
                0x00000000000027d4        0x6 /usr/lib/gcc/avr/5.4.0/../../../avr/lib/avr6/libm.a(fp_nan.o)
                0x00000000000027d4                __fp_nan
 .text.avr-libc.fplib
                0x00000000000027da        0xe /usr/lib/gcc/avr/5.4.0/../../../avr/lib/avr6/libm.a(fp_pscA.o)
                0x00000000000027da                __fp_pscA
 .text.avr-libc.fplib
                0x00000000000027e8        0xe /usr/lib/gcc/avr/5.4.0/../../../avr/lib/avr6/libm.a(fp_pscB.o)
                0x00000000000027e8                __fp_pscB
 .text.avr-libc.fplib
                0x00000000000027f6       0x22 /usr/lib/gcc/avr/5.4.0/../../../avr/lib/avr6/libm.a(fp_round.o)
                0x00000000000027f6                __fp_round
 .text.avr-libc.fplib
                0x0000000000002818       0x44 /usr/lib/gcc/avr/5.4.0/../../../avr/lib/avr6/libm.a(fp_split3.o)
                0x0000000000002818                __fp_split3
                0x0000000000002828                __fp_splitA
 .text.avr-libc.fplib
                0x000000000000285c        0xe /usr/lib/gcc/avr/5.4.0/../../../avr/lib/avr6/libm.a(fp_zero.o)
                0x000000000000285c                __fp_zero
                0x000000000000285e                __fp_szero
 .text.avr-libc.fplib
                0x000000000000286a        0xa /usr/lib/gcc/avr/5.4.0/../../../avr/lib/avr6/libm.a(gesf2.o)
                0x000000000000286a                __gtsf2
                0x000000000000286a                __gesf2
 .text.avr-libc.fplib
                0x0000000000002874        0x8 /usr/lib/gcc/avr/5.4.0/../../../avr/lib/avr6/libm.a(mulsf3.o)
                0x0000000000002874                __mulsf3
 .text.avr-libc.fplib
                0x000000000000287c       0xd2 /usr/lib/gcc/avr/5.4.0/../../../avr/lib/avr6/libm.a(mulsf3x.o)
                0x000000000000289a                __mulsf3x
                0x00000000000028a0                __mulsf3_pse
 .text.avr-libc.fplib
                0x000000000000294e       0xa0 /usr/lib/gcc/avr/5.4.0/../../../avr/lib/avr6/libm.a(pow.o)
                0x000000000000294e                pow
 .text.avr-libc.fplib
                0x00000000000029ee       0x8c /usr/lib/gcc/avr/5.4.0/../../../avr/lib/avr6/libm.a(sqrt.o)
                0x00000000000029fa                sqrt
                0x00000000000029fa                sqrtf
 .text.avr-libc.fplib
                0x0000000000002a7a       0x74 /usr/lib/gcc/avr/5.4.0/../../../avr/lib/avr6/libm.a(exp.o)
                0x0000000000002a8a                exp
 .text.avr-libc.fplib
                0x0000000000002aee       0x1c /usr/lib/gcc/avr/5.4.0/../../../avr/lib/avr6/libm.a(fp_mpack.o)
                0x0000000000002aee                __fp_mpack
                0x0000000000002af2                __fp_mpack_finite
 .text.avr-libc.fplib
                0x0000000000002b0a        0xe /usr/lib/gcc/avr/5.4.0/../../../avr/lib/avr6/libm.a(fp_norm2.o)
                0x0000000000002b0a                __fp_norm2
 .text.avr-libc.fplib
                0x0000000000002b18       0x4e /usr/lib/gcc/avr/5.4.0/../../../avr/lib/avr6/libm.a(fp_powser.o)
                0x0000000000002b18                __fp_powser
 .text.avr-libc.fplib
                0x0000000000002b66       0x10 /usr/lib/gcc/avr/5.4.0/../../../avr/lib/avr6/libm.a(inverse.o)
                0x0000000000002b66                inverse
 .text.avr-libc.fplib
                0x0000000000002b76       0x74 /usr/lib/gcc/avr/5.4.0/../../../avr/lib/avr6/libm.a(ldexp.o)
                0x0000000000002b7e                ldexp
 .text.avr-libc.fplib
                0x0000000000002bea       0xa0 /usr/lib/gcc/avr/5.4.0/../../../avr/lib/avr6/libm.a(log.o)
                0x0000000000002bfa                log
 .text.avr-libc.fplib
                0x0000000000002c8a       0x68 /usr/lib/gcc/avr/5.4.0/../../../avr/lib/avr6/libm.a(modf.o)
                0x0000000000002c8a                modff
                0x0000000000002c8a                modf
 .text.avr-libc.fplib
                0x0000000000002cf2        0x8 /usr/lib/gcc/avr/5.4.0/../../../avr/lib/avr6/libm.a(divsf3.o)
                0x0000000000002cf2                __divsf3
 .text.avr-libc.fplib
                0x0000000000002cfa       0xdc /usr/lib/gcc/avr/5.4.0/../../../avr/lib/avr6/libm.a(divsf3x.o)
                0x0000000000002d1a                __divsf3x
                0x0000000000002d20                __divsf3_pse
                0x0000000000002dd6                . = ALIGN (0x2)
 *(.fini9)
 .fini9         0x0000000000002dd6        0x0 /usr/lib/gcc/avr/5.4.0/avr6/libgcc.a(_exit.o)
                0x0000000000002dd6                exit
                0x0000000000002dd6                _exit
 *(.fini9)
 *(.fini8)
 *(.fini8)
 *(.fini7)
 *(.fini7)
 *(.fini6)
 *(.fini6)
 *(.fini5)
 *(.fini5)
 *(.fini4)
 *(.fini4)
 *(.fini3)
 *(.fini3)
 *(.fini2)
 *(.fini2)
 *(.fini1)
 *(.fini1)
 *(.fini0)
 .fini0         0x0000000000002dd6        0x4 /usr/lib/gcc/avr/5.4.0/avr6/libgcc.a(_exit.o)
 *(.fini0)
                0x0000000000002dda                _etext = .

.data           0x0000000000800200      0x142 load address 0x0000000000002dda
                0x0000000000800200                PROVIDE (__data_start, .)
 *(.data)
 .data          0x0000000000800200        0x0 /usr/lib/gcc/avr/5.4.0/../../../avr/lib/avr6/crtatmega2560.o
 .data          0x0000000000800200        0x0 ./FSM.o
 .data          0x0000000000800200        0x0 ./GeneralFunc.o
 .data          0x0000000000800200        0x0 ./MapMaze.o
 .data          0x0000000000800200        0x0 ./MotorDriver.o
 .data          0x0000000000800200        0x0 ./Obs.o
 .data          0x0000000000800200        0x0 ./PinDefined.o
 .data          0x0000000000800200        0x0 ./USART.o
 .data          0x0000000000800200        0x0 ./main.o
 .data          0x0000000000800200        0x0 /usr/lib/gcc/avr/5.4.0/avr6/libgcc.a(_exit.o)
 .data          0x0000000000800200        0x0 /usr/lib/gcc/avr/5.4.0/avr6/libgcc.a(_copy_data.o)
 .data          0x0000000000800200        0x0 /usr/lib/gcc/avr/5.4.0/avr6/libgcc.a(_clear_bss.o)
 .data          0x0000000000800200        0x0 /usr/lib/gcc/avr/5.4.0/avr6/libgcc.a(_umulhisi3.o)
 .data          0x0000000000800200        0x0 /usr/lib/gcc/avr/5.4.0/../../../avr/lib/avr6/libm.a(addsf3.o)
 .data          0x0000000000800200        0x0 /usr/lib/gcc/avr/5.4.0/../../../avr/lib/avr6/libm.a(addsf3x.o)
 .data          0x0000000000800200        0x0 /usr/lib/gcc/avr/5.4.0/../../../avr/lib/avr6/libm.a(cmpsf2.o)
 .data          0x0000000000800200        0x0 /usr/lib/gcc/avr/5.4.0/../../../avr/lib/avr6/libm.a(fixunssfsi.o)
 .data          0x0000000000800200        0x0 /usr/lib/gcc/avr/5.4.0/../../../avr/lib/avr6/libm.a(floatsisf.o)
 .data          0x0000000000800200        0x0 /usr/lib/gcc/avr/5.4.0/../../../avr/lib/avr6/libm.a(fp_cmp.o)
 .data          0x0000000000800200        0x0 /usr/lib/gcc/avr/5.4.0/../../../avr/lib/avr6/libm.a(fp_inf.o)
 .data          0x0000000000800200        0x0 /usr/lib/gcc/avr/5.4.0/../../../avr/lib/avr6/libm.a(fp_nan.o)
 .data          0x0000000000800200        0x0 /usr/lib/gcc/avr/5.4.0/../../../avr/lib/avr6/libm.a(fp_pscA.o)
 .data          0x0000000000800200        0x0 /usr/lib/gcc/avr/5.4.0/../../../avr/lib/avr6/libm.a(fp_pscB.o)
 .data          0x0000000000800200        0x0 /usr/lib/gcc/avr/5.4.0/../../../avr/lib/avr6/libm.a(fp_round.o)
 .data          0x0000000000800200        0x0 /usr/lib/gcc/avr/5.4.0/../../../avr/lib/avr6/libm.a(fp_split3.o)
 .data          0x0000000000800200        0x0 /usr/lib/gcc/avr/5.4.0/../../../avr/lib/avr6/libm.a(fp_zero.o)
 .data          0x0000000000800200        0x0 /usr/lib/gcc/avr/5.4.0/../../../avr/lib/avr6/libm.a(gesf2.o)
 .data          0x0000000000800200        0x0 /usr/lib/gcc/avr/5.4.0/../../../avr/lib/avr6/libm.a(mulsf3.o)
 .data          0x0000000000800200        0x0 /usr/lib/gcc/avr/5.4.0/../../../avr/lib/avr6/libm.a(mulsf3x.o)
 .data          0x0000000000800200        0x0 /usr/lib/gcc/avr/5.4.0/../../../avr/lib/avr6/libm.a(pow.o)
 .data          0x0000000000800200        0x0 /usr/lib/gcc/avr/5.4.0/../../../avr/lib/avr6/libm.a(sqrt.o)
 .data          0x0000000000800200        0x0 /usr/lib/gcc/avr/5.4.0/../../../avr/lib/avr6/libm.a(exp.o)
 .data          0x0000000000800200        0x0 /usr/lib/gcc/avr/5.4.0/../../../avr/lib/avr6/libm.a(fp_mpack.o)
 .data          0x0000000000800200        0x0 /usr/lib/gcc/avr/5.4.0/../../../avr/lib/avr6/libm.a(fp_norm2.o)
 .data          0x0000000000800200        0x0 /usr/lib/gcc/avr/5.4.0/../../../avr/lib/avr6/libm.a(fp_powser.o)
 .data          0x0000000000800200        0x0 /usr/lib/gcc/avr/5.4.0/../../../avr/lib/avr6/libm.a(inverse.o)
 .data          0x0000000000800200        0x0 /usr/lib/gcc/avr/5.4.0/../../../avr/lib/avr6/libm.a(ldexp.o)
 .data          0x0000000000800200        0x0 /usr/lib/gcc/avr/5.4.0/../../../avr/lib/avr6/libm.a(log.o)
 .data          0x0000000000800200        0x0 /usr/lib/gcc/avr/5.4.0/../../../avr/lib/avr6/libm.a(modf.o)
 .data          0x0000000000800200        0x0 /usr/lib/gcc/avr/5.4.0/../../../avr/lib/avr6/libm.a(divsf3.o)
 .data          0x0000000000800200        0x0 /usr/lib/gcc/avr/5.4.0/../../../avr/lib/avr6/libm.a(divsf3x.o)
 *(.data*)
 *(.gnu.linkonce.d*)
 *(.rodata)
 .rodata        0x0000000000800200       0x34 ./FSM.o
 .rodata        0x0000000000800234        0xc ./GeneralFunc.o
 .rodata        0x0000000000800240       0x8d ./MapMaze.o
 .rodata        0x00000000008002cd       0x42 ./MotorDriver.o
 .rodata        0x000000000080030f        0xe ./Obs.o
 .rodata        0x000000000080031d       0x25 ./main.o
 *(.rodata*)
 *(.gnu.linkonce.r*)
                0x0000000000800342                . = ALIGN (0x2)
                0x0000000000800342                _edata = .
                0x0000000000800342                PROVIDE (__data_end, .)

.bss            0x0000000000800342     0x1c3a
                0x0000000000800342                PROVIDE (__bss_start, .)
 *(.bss)
 .bss           0x0000000000800342        0x0 /usr/lib/gcc/avr/5.4.0/../../../avr/lib/avr6/crtatmega2560.o
 .bss           0x0000000000800342        0x0 ./FSM.o
 .bss           0x0000000000800342        0x0 ./GeneralFunc.o
 .bss           0x0000000000800342        0x0 ./MapMaze.o
 .bss           0x0000000000800342        0x0 ./MotorDriver.o
 .bss           0x0000000000800342        0x0 ./Obs.o
 .bss           0x0000000000800342        0x0 ./PinDefined.o
 .bss           0x0000000000800342        0x0 ./USART.o
 .bss           0x0000000000800342        0x0 ./main.o
 .bss           0x0000000000800342        0x0 /usr/lib/gcc/avr/5.4.0/avr6/libgcc.a(_exit.o)
 .bss           0x0000000000800342        0x0 /usr/lib/gcc/avr/5.4.0/avr6/libgcc.a(_copy_data.o)
 .bss           0x0000000000800342        0x0 /usr/lib/gcc/avr/5.4.0/avr6/libgcc.a(_clear_bss.o)
 .bss           0x0000000000800342        0x0 /usr/lib/gcc/avr/5.4.0/avr6/libgcc.a(_umulhisi3.o)
 .bss           0x0000000000800342        0x0 /usr/lib/gcc/avr/5.4.0/../../../avr/lib/avr6/libm.a(addsf3.o)
 .bss           0x0000000000800342        0x0 /usr/lib/gcc/avr/5.4.0/../../../avr/lib/avr6/libm.a(addsf3x.o)
 .bss           0x0000000000800342        0x0 /usr/lib/gcc/avr/5.4.0/../../../avr/lib/avr6/libm.a(cmpsf2.o)
 .bss           0x0000000000800342        0x0 /usr/lib/gcc/avr/5.4.0/../../../avr/lib/avr6/libm.a(fixunssfsi.o)
 .bss           0x0000000000800342        0x0 /usr/lib/gcc/avr/5.4.0/../../../avr/lib/avr6/libm.a(floatsisf.o)
 .bss           0x0000000000800342        0x0 /usr/lib/gcc/avr/5.4.0/../../../avr/lib/avr6/libm.a(fp_cmp.o)
 .bss           0x0000000000800342        0x0 /usr/lib/gcc/avr/5.4.0/../../../avr/lib/avr6/libm.a(fp_inf.o)
 .bss           0x0000000000800342        0x0 /usr/lib/gcc/avr/5.4.0/../../../avr/lib/avr6/libm.a(fp_nan.o)
 .bss           0x0000000000800342        0x0 /usr/lib/gcc/avr/5.4.0/../../../avr/lib/avr6/libm.a(fp_pscA.o)
 .bss           0x0000000000800342        0x0 /usr/lib/gcc/avr/5.4.0/../../../avr/lib/avr6/libm.a(fp_pscB.o)
 .bss           0x0000000000800342        0x0 /usr/lib/gcc/avr/5.4.0/../../../avr/lib/avr6/libm.a(fp_round.o)
 .bss           0x0000000000800342        0x0 /usr/lib/gcc/avr/5.4.0/../../../avr/lib/avr6/libm.a(fp_split3.o)
 .bss           0x0000000000800342        0x0 /usr/lib/gcc/avr/5.4.0/../../../avr/lib/avr6/libm.a(fp_zero.o)
 .bss           0x0000000000800342        0x0 /usr/lib/gcc/avr/5.4.0/../../../avr/lib/avr6/libm.a(gesf2.o)
 .bss           0x0000000000800342        0x0 /usr/lib/gcc/avr/5.4.0/../../../avr/lib/avr6/libm.a(mulsf3.o)
 .bss           0x0000000000800342        0x0 /usr/lib/gcc/avr/5.4.0/../../../avr/lib/avr6/libm.a(mulsf3x.o)
 .bss           0x0000000000800342        0x0 /usr/lib/gcc/avr/5.4.0/../../../avr/lib/avr6/libm.a(pow.o)
 .bss           0x0000000000800342        0x0 /usr/lib/gcc/avr/5.4.0/../../../avr/lib/avr6/libm.a(sqrt.o)
 .bss           0x0000000000800342        0x0 /usr/lib/gcc/avr/5.4.0/../../../avr/lib/avr6/libm.a(exp.o)
 .bss           0x0000000000800342        0x0 /usr/lib/gcc/avr/5.4.0/../../../avr/lib/avr6/libm.a(fp_mpack.o)
 .bss           0x0000000000800342        0x0 /usr/lib/gcc/avr/5.4.0/../../../avr/lib/avr6/libm.a(fp_norm2.o)
 .bss           0x0000000000800342        0x0 /usr/lib/gcc/avr/5.4.0/../../../avr/lib/avr6/libm.a(fp_powser.o)
 .bss           0x0000000000800342        0x0 /usr/lib/gcc/avr/5.4.0/../../../avr/lib/avr6/libm.a(inverse.o)
 .bss           0x0000000000800342        0x0 /usr/lib/gcc/avr/5.4.0/../../../avr/lib/avr6/libm.a(ldexp.o)
 .bss           0x0000000000800342        0x0 /usr/lib/gcc/avr/5.4.0/../../../avr/lib/avr6/libm.a(log.o)
 .bss           0x0000000000800342        0x0 /usr/lib/gcc/avr/5.4.0/../../../avr/lib/avr6/libm.a(modf.o)
 .bss           0x0000000000800342        0x0 /usr/lib/gcc/avr/5.4.0/../../../avr/lib/avr6/libm.a(divsf3.o)
 .bss           0x0000000000800342        0x0 /usr/lib/gcc/avr/5.4.0/../../../avr/lib/avr6/libm.a(divsf3x.o)
 *(.bss*)
 .bss.pos.1797  0x0000000000800342        0x4 ./MapMaze.o
 *(COMMON)
 COMMON         0x0000000000800346     0x1c36 ./FSM.o
                0x0000000000800346                CurrentPos
                0x000000000080034a                CurStateRobo
                0x000000000080034b                posDes
                0x000000000080034d                DirToGo
                0x000000000080034f                maze
                0x0000000000801f6f                direction
                0x0000000000801f73                isExecute
                0x0000000000801f74                StateRobo
                0x0000000000801f75                imstuck
                0x0000000000801f76                headdirect
                0x0000000000801f7a                ArrayProp
                0x0000000000801f7c                PROVIDE (__bss_end, .)
                0x0000000000002dda                __data_load_start = LOADADDR (.data)
                0x0000000000002f1c                __data_load_end = (__data_load_start + SIZEOF (.data))

.noinit         0x0000000000801f7c        0x0
                [!provide]                        PROVIDE (__noinit_start, .)
 *(.noinit*)
                [!provide]                        PROVIDE (__noinit_end, .)
                0x0000000000801f7c                _end = .
                [!provide]                        PROVIDE (__heap_start, .)

.eeprom         0x0000000000810000        0x0
 *(.eeprom*)
                0x0000000000810000                __eeprom_end = .

.fuse
 *(.fuse)
 *(.lfuse)
 *(.hfuse)
 *(.efuse)

.lock
 *(.lock*)

.signature
 *(.signature*)

.user_signatures
 *(.user_signatures*)

.stab           0x0000000000000000     0x3bdc
 *(.stab)
 .stab          0x0000000000000000      0x87c ./FSM.o
 .stab          0x000000000000087c      0x4e0 ./GeneralFunc.o
                                        0x6cc (size before relaxing)
 .stab          0x0000000000000d5c     0x1284 ./MapMaze.o
                                       0x1500 (size before relaxing)
 .stab          0x0000000000001fe0      0x5f4 ./MotorDriver.o
                                        0x828 (size before relaxing)
 .stab          0x00000000000025d4      0x5d0 ./Obs.o
                                        0x84c (size before relaxing)
 .stab          0x0000000000002ba4      0x360 ./PinDefined.o
                                        0x528 (size before relaxing)
 .stab          0x0000000000002f04      0x834 ./USART.o
                                        0x9fc (size before relaxing)
 .stab          0x0000000000003738      0x4a4 ./main.o
                                        0x75c (size before relaxing)

.stabstr        0x0000000000000000     0x1626
 *(.stabstr)
 .stabstr       0x0000000000000000     0x1626 ./FSM.o

.stab.excl
 *(.stab.excl)

.stab.exclstr
 *(.stab.exclstr)

.stab.index
 *(.stab.index)

.stab.indexstr
 *(.stab.indexstr)

.comment        0x0000000000000000       0x11
 *(.comment)
 .comment       0x0000000000000000       0x11 ./FSM.o
                                         0x12 (size before relaxing)
 .comment       0x0000000000000011       0x12 ./GeneralFunc.o
 .comment       0x0000000000000011       0x12 ./MapMaze.o
 .comment       0x0000000000000011       0x12 ./MotorDriver.o
 .comment       0x0000000000000011       0x12 ./Obs.o
 .comment       0x0000000000000011       0x12 ./PinDefined.o
 .comment       0x0000000000000011       0x12 ./USART.o
 .comment       0x0000000000000011       0x12 ./main.o

.note.gnu.avr.deviceinfo
                0x0000000000000000       0x40
 .note.gnu.avr.deviceinfo
                0x0000000000000000       0x40 /usr/lib/gcc/avr/5.4.0/../../../avr/lib/avr6/crtatmega2560.o

.note.gnu.build-id
 *(.note.gnu.build-id)

.debug
 *(.debug)

.line
 *(.line)

.debug_srcinfo
 *(.debug_srcinfo)

.debug_sfnames
 *(.debug_sfnames)

.debug_aranges
 *(.debug_aranges)

.debug_pubnames
 *(.debug_pubnames)

.debug_info     0x0000000000000000      0xbbc
 *(.debug_info .gnu.linkonce.wi.*)
 .debug_info    0x0000000000000000      0xbbc /usr/lib/gcc/avr/5.4.0/../../../avr/lib/avr6/crtatmega2560.o

.debug_abbrev   0x0000000000000000      0xb1a
 *(.debug_abbrev)
 .debug_abbrev  0x0000000000000000      0xb1a /usr/lib/gcc/avr/5.4.0/../../../avr/lib/avr6/crtatmega2560.o

.debug_line     0x0000000000000000       0x1a
 *(.debug_line .debug_line.* .debug_line_end)
 .debug_line    0x0000000000000000       0x1a /usr/lib/gcc/avr/5.4.0/../../../avr/lib/avr6/crtatmega2560.o

.debug_frame
 *(.debug_frame)

.debug_str      0x0000000000000000      0x3e6
 *(.debug_str)
 .debug_str     0x0000000000000000      0x3e6 /usr/lib/gcc/avr/5.4.0/../../../avr/lib/avr6/crtatmega2560.o

.debug_loc
 *(.debug_loc)

.debug_macinfo
 *(.debug_macinfo)

.debug_weaknames
 *(.debug_weaknames)

.debug_funcnames
 *(.debug_funcnames)

.debug_typenames
 *(.debug_typenames)

.debug_varnames
 *(.debug_varnames)

.debug_pubtypes
 *(.debug_pubtypes)

.debug_ranges
 *(.debug_ranges)

.debug_macro
 *(.debug_macro)
OUTPUT(Brave_Adventurer.elf elf32-avr)
LOAD linker stubs
