Archive member included to satisfy reference by file (symbol)

/usr/lib/gcc/avr/5.4.0/avr6/libgcc.a(_udivmodqi4.o)
                              ./USART.o (__udivmodqi4)
/usr/lib/gcc/avr/5.4.0/avr6/libgcc.a(_udivmodhi4.o)
                              ./USART.o (__udivmodhi4)
/usr/lib/gcc/avr/5.4.0/avr6/libgcc.a(_exit.o)
                              /usr/lib/gcc/avr/5.4.0/../../../avr/lib/avr6/crtatmega2560.o (exit)
/usr/lib/gcc/avr/5.4.0/avr6/libgcc.a(_copy_data.o)
                              ./FSM.o (__do_copy_data)
/usr/lib/gcc/avr/5.4.0/avr6/libgcc.a(_clear_bss.o)
                              ./FSM.o (__do_clear_bss)
/usr/lib/gcc/avr/5.4.0/../../../avr/lib/avr6/libm.a(addsf3.o)
                              ./MapMaze.o (__addsf3)
/usr/lib/gcc/avr/5.4.0/../../../avr/lib/avr6/libm.a(addsf3x.o)
                              /usr/lib/gcc/avr/5.4.0/../../../avr/lib/avr6/libm.a(addsf3.o) (__addsf3x)
/usr/lib/gcc/avr/5.4.0/../../../avr/lib/avr6/libm.a(fixunssfsi.o)
                              ./MapMaze.o (__fixunssfsi)
/usr/lib/gcc/avr/5.4.0/../../../avr/lib/avr6/libm.a(floatsisf.o)
                              ./MapMaze.o (__floatunsisf)
/usr/lib/gcc/avr/5.4.0/../../../avr/lib/avr6/libm.a(fp_inf.o)
                              /usr/lib/gcc/avr/5.4.0/../../../avr/lib/avr6/libm.a(addsf3x.o) (__fp_inf)
/usr/lib/gcc/avr/5.4.0/../../../avr/lib/avr6/libm.a(fp_nan.o)
                              /usr/lib/gcc/avr/5.4.0/../../../avr/lib/avr6/libm.a(addsf3x.o) (__fp_nan)
/usr/lib/gcc/avr/5.4.0/../../../avr/lib/avr6/libm.a(fp_pscA.o)
                              /usr/lib/gcc/avr/5.4.0/../../../avr/lib/avr6/libm.a(addsf3x.o) (__fp_pscA)
/usr/lib/gcc/avr/5.4.0/../../../avr/lib/avr6/libm.a(fp_pscB.o)
                              /usr/lib/gcc/avr/5.4.0/../../../avr/lib/avr6/libm.a(addsf3x.o) (__fp_pscB)
/usr/lib/gcc/avr/5.4.0/../../../avr/lib/avr6/libm.a(fp_round.o)
                              /usr/lib/gcc/avr/5.4.0/../../../avr/lib/avr6/libm.a(addsf3.o) (__fp_round)
/usr/lib/gcc/avr/5.4.0/../../../avr/lib/avr6/libm.a(fp_split3.o)
                              /usr/lib/gcc/avr/5.4.0/../../../avr/lib/avr6/libm.a(addsf3x.o) (__fp_split3)
/usr/lib/gcc/avr/5.4.0/../../../avr/lib/avr6/libm.a(fp_zero.o)
                              /usr/lib/gcc/avr/5.4.0/../../../avr/lib/avr6/libm.a(addsf3x.o) (__fp_zero)
/usr/lib/gcc/avr/5.4.0/../../../avr/lib/avr6/libm.a(mulsf3.o)
                              ./MapMaze.o (__mulsf3)
/usr/lib/gcc/avr/5.4.0/../../../avr/lib/avr6/libm.a(mulsf3x.o)
                              /usr/lib/gcc/avr/5.4.0/../../../avr/lib/avr6/libm.a(mulsf3.o) (__mulsf3x)
/usr/lib/gcc/avr/5.4.0/../../../avr/lib/avr6/libm.a(sqrt.o)
                              ./MapMaze.o (sqrt)
/usr/lib/gcc/avr/5.4.0/../../../avr/lib/avr6/libm.a(fp_mpack.o)
                              /usr/lib/gcc/avr/5.4.0/../../../avr/lib/avr6/libm.a(sqrt.o) (__fp_mpack)
/usr/lib/gcc/avr/5.4.0/../../../avr/lib/avr6/libm.a(fp_norm2.o)
                              /usr/lib/gcc/avr/5.4.0/../../../avr/lib/avr6/libm.a(sqrt.o) (__fp_norm2)

Allocating common symbols
Common symbol       size              file

CurrentPos          0x4               ./FSM.o
CurStateRobo        0x1               ./FSM.o
posDes              0x2               ./FSM.o
DirToGo             0x2               ./FSM.o
maze                0x1c20            ./FSM.o
direction           0x4               ./FSM.o
isExecute           0x1               ./FSM.o
StateRobo           0x1               ./FSM.o
imstuck             0x1               ./FSM.o
headdirect          0x4               ./FSM.o
ArrayProp           0x2               ./FSM.o

Memory Configuration

Name             Origin             Length             Attributes
text             0x0000000000000000 0x0000000000100000 xr
data             0x0000000000800200 0x000000000000fe00 rw !x
eeprom           0x0000000000810000 0x0000000000010000 rw !x
fuse             0x0000000000820000 0x0000000000000003 rw !x
lock             0x0000000000830000 0x0000000000000400 rw !x
signature        0x0000000000840000 0x0000000000000400 rw !x
user_signatures  0x0000000000850000 0x0000000000000400 rw !x
*default*        0x0000000000000000 0xffffffffffffffff

Linker script and memory map

Address of section .data set to 0x800200
LOAD /usr/lib/gcc/avr/5.4.0/../../../avr/lib/avr6/crtatmega2560.o
LOAD ./FSM.o
LOAD ./GeneralFunc.o
LOAD ./MapMaze.o
LOAD ./MotorDriver.o
LOAD ./Obs.o
LOAD ./PinDefined.o
LOAD ./USART.o
LOAD ./main.o
START GROUP
LOAD /usr/lib/gcc/avr/5.4.0/avr6/libgcc.a
LOAD /usr/lib/gcc/avr/5.4.0/../../../avr/lib/avr6/libm.a
LOAD /usr/lib/gcc/avr/5.4.0/../../../avr/lib/avr6/libc.a
LOAD /usr/lib/gcc/avr/5.4.0/../../../avr/lib/avr6/libatmega2560.a
END GROUP
                0x0000000000100000                __TEXT_REGION_LENGTH__ = DEFINED (__TEXT_REGION_LENGTH__)?__TEXT_REGION_LENGTH__:0x100000
                0x000000000000fe00                __DATA_REGION_LENGTH__ = DEFINED (__DATA_REGION_LENGTH__)?__DATA_REGION_LENGTH__:0xfe00
                0x0000000000010000                __EEPROM_REGION_LENGTH__ = DEFINED (__EEPROM_REGION_LENGTH__)?__EEPROM_REGION_LENGTH__:0x10000
                [0x0000000000000003]                __FUSE_REGION_LENGTH__ = DEFINED (__FUSE_REGION_LENGTH__)?__FUSE_REGION_LENGTH__:0x400
                0x0000000000000400                __LOCK_REGION_LENGTH__ = DEFINED (__LOCK_REGION_LENGTH__)?__LOCK_REGION_LENGTH__:0x400
                0x0000000000000400                __SIGNATURE_REGION_LENGTH__ = DEFINED (__SIGNATURE_REGION_LENGTH__)?__SIGNATURE_REGION_LENGTH__:0x400
                0x0000000000000400                __USER_SIGNATURE_REGION_LENGTH__ = DEFINED (__USER_SIGNATURE_REGION_LENGTH__)?__USER_SIGNATURE_REGION_LENGTH__:0x400

.hash
 *(.hash)

.dynsym
 *(.dynsym)

.dynstr
 *(.dynstr)

.gnu.version
 *(.gnu.version)

.gnu.version_d
 *(.gnu.version_d)

.gnu.version_r
 *(.gnu.version_r)

.rel.init
 *(.rel.init)

.rela.init
 *(.rela.init)

.rel.text
 *(.rel.text)
 *(.rel.text.*)
 *(.rel.gnu.linkonce.t*)

.rela.text
 *(.rela.text)
 *(.rela.text.*)
 *(.rela.gnu.linkonce.t*)

.rel.fini
 *(.rel.fini)

.rela.fini
 *(.rela.fini)

.rel.rodata
 *(.rel.rodata)
 *(.rel.rodata.*)
 *(.rel.gnu.linkonce.r*)

.rela.rodata
 *(.rela.rodata)
 *(.rela.rodata.*)
 *(.rela.gnu.linkonce.r*)

.rel.data
 *(.rel.data)
 *(.rel.data.*)
 *(.rel.gnu.linkonce.d*)

.rela.data
 *(.rela.data)
 *(.rela.data.*)
 *(.rela.gnu.linkonce.d*)

.rel.ctors
 *(.rel.ctors)

.rela.ctors
 *(.rela.ctors)

.rel.dtors
 *(.rel.dtors)

.rela.dtors
 *(.rela.dtors)

.rel.got
 *(.rel.got)

.rela.got
 *(.rela.got)

.rel.bss
 *(.rel.bss)

.rela.bss
 *(.rela.bss)

.rel.plt
 *(.rel.plt)

.rela.plt
 *(.rela.plt)

.text           0x0000000000000000     0x197e
 *(.vectors)
 .vectors       0x0000000000000000       0xe4 /usr/lib/gcc/avr/5.4.0/../../../avr/lib/avr6/crtatmega2560.o
                0x0000000000000000                __vectors
                0x0000000000000000                __vector_default
 *(.vectors)
 *(.progmem.gcc*)
                0x00000000000000e4                . = ALIGN (0x2)
                0x00000000000000e4                __trampolines_start = .
 *(.trampolines)
 .trampolines   0x00000000000000e4        0x0 linker stubs
 *(.trampolines*)
                0x00000000000000e4                __trampolines_end = .
 *libprintf_flt.a:*(.progmem.data)
 *libc.a:*(.progmem.data)
 *(.progmem*)
                0x00000000000000e4                . = ALIGN (0x2)
 *(.jumptables)
 *(.jumptables*)
 *(.lowtext)
 *(.lowtext*)
                0x00000000000000e4                __ctors_start = .
 *(.ctors)
                0x00000000000000e4                __ctors_end = .
                0x00000000000000e4                __dtors_start = .
 *(.dtors)
                0x00000000000000e4                __dtors_end = .
 SORT(*)(.ctors)
 SORT(*)(.dtors)
 *(.init0)
 .init0         0x00000000000000e4        0x0 /usr/lib/gcc/avr/5.4.0/../../../avr/lib/avr6/crtatmega2560.o
                0x00000000000000e4                __init
 *(.init0)
 *(.init1)
 *(.init1)
 *(.init2)
 .init2         0x00000000000000e4       0x10 /usr/lib/gcc/avr/5.4.0/../../../avr/lib/avr6/crtatmega2560.o
 *(.init2)
 *(.init3)
 *(.init3)
 *(.init4)
 .init4         0x00000000000000f4       0x1a /usr/lib/gcc/avr/5.4.0/avr6/libgcc.a(_copy_data.o)
                0x00000000000000f4                __do_copy_data
 .init4         0x000000000000010e       0x10 /usr/lib/gcc/avr/5.4.0/avr6/libgcc.a(_clear_bss.o)
                0x000000000000010e                __do_clear_bss
 *(.init4)
 *(.init5)
 *(.init5)
 *(.init6)
 *(.init6)
 *(.init7)
 *(.init7)
 *(.init8)
 *(.init8)
 *(.init9)
 .init9         0x000000000000011e        0x8 /usr/lib/gcc/avr/5.4.0/../../../avr/lib/avr6/crtatmega2560.o
 *(.init9)
 *(.text)
 .text          0x0000000000000126        0x4 /usr/lib/gcc/avr/5.4.0/../../../avr/lib/avr6/crtatmega2560.o
                0x0000000000000126                __vector_38
                0x0000000000000126                __vector_22
                0x0000000000000126                __vector_28
                0x0000000000000126                __vector_1
                0x0000000000000126                __vector_32
                0x0000000000000126                __vector_34
                0x0000000000000126                __vector_24
                0x0000000000000126                __vector_12
                0x0000000000000126                __vector_55
                0x0000000000000126                __vector_46
                0x0000000000000126                __bad_interrupt
                0x0000000000000126                __vector_6
                0x0000000000000126                __vector_31
                0x0000000000000126                __vector_35
                0x0000000000000126                __vector_39
                0x0000000000000126                __vector_3
                0x0000000000000126                __vector_23
                0x0000000000000126                __vector_30
                0x0000000000000126                __vector_45
                0x0000000000000126                __vector_25
                0x0000000000000126                __vector_11
                0x0000000000000126                __vector_54
                0x0000000000000126                __vector_13
                0x0000000000000126                __vector_17
                0x0000000000000126                __vector_19
                0x0000000000000126                __vector_56
                0x0000000000000126                __vector_7
                0x0000000000000126                __vector_49
                0x0000000000000126                __vector_41
                0x0000000000000126                __vector_43
                0x0000000000000126                __vector_27
                0x0000000000000126                __vector_5
                0x0000000000000126                __vector_33
                0x0000000000000126                __vector_47
                0x0000000000000126                __vector_52
                0x0000000000000126                __vector_37
                0x0000000000000126                __vector_4
                0x0000000000000126                __vector_44
                0x0000000000000126                __vector_51
                0x0000000000000126                __vector_9
                0x0000000000000126                __vector_2
                0x0000000000000126                __vector_21
                0x0000000000000126                __vector_15
                0x0000000000000126                __vector_36
                0x0000000000000126                __vector_29
                0x0000000000000126                __vector_40
                0x0000000000000126                __vector_8
                0x0000000000000126                __vector_26
                0x0000000000000126                __vector_48
                0x0000000000000126                __vector_14
                0x0000000000000126                __vector_53
                0x0000000000000126                __vector_10
                0x0000000000000126                __vector_50
                0x0000000000000126                __vector_16
                0x0000000000000126                __vector_18
                0x0000000000000126                __vector_20
                0x0000000000000126                __vector_42
 .text          0x000000000000012a        0x0 ./FSM.o
 .text          0x000000000000012a        0x0 ./GeneralFunc.o
 .text          0x000000000000012a        0x0 ./MapMaze.o
 .text          0x000000000000012a        0x0 ./MotorDriver.o
 .text          0x000000000000012a        0x0 ./Obs.o
 .text          0x000000000000012a        0x0 ./PinDefined.o
 .text          0x000000000000012a        0x0 ./USART.o
 .text          0x000000000000012a        0x0 ./main.o
 .text          0x000000000000012a        0x0 /usr/lib/gcc/avr/5.4.0/avr6/libgcc.a(_udivmodqi4.o)
 .text          0x000000000000012a        0x0 /usr/lib/gcc/avr/5.4.0/avr6/libgcc.a(_udivmodhi4.o)
 .text          0x000000000000012a        0x0 /usr/lib/gcc/avr/5.4.0/avr6/libgcc.a(_exit.o)
 .text          0x000000000000012a        0x0 /usr/lib/gcc/avr/5.4.0/avr6/libgcc.a(_copy_data.o)
 .text          0x000000000000012a        0x0 /usr/lib/gcc/avr/5.4.0/avr6/libgcc.a(_clear_bss.o)
 .text          0x000000000000012a        0x0 /usr/lib/gcc/avr/5.4.0/../../../avr/lib/avr6/libm.a(addsf3.o)
 .text          0x000000000000012a        0x0 /usr/lib/gcc/avr/5.4.0/../../../avr/lib/avr6/libm.a(addsf3x.o)
 .text          0x000000000000012a        0x0 /usr/lib/gcc/avr/5.4.0/../../../avr/lib/avr6/libm.a(fixunssfsi.o)
 .text          0x000000000000012a        0x0 /usr/lib/gcc/avr/5.4.0/../../../avr/lib/avr6/libm.a(floatsisf.o)
 .text          0x000000000000012a        0x0 /usr/lib/gcc/avr/5.4.0/../../../avr/lib/avr6/libm.a(fp_inf.o)
 .text          0x000000000000012a        0x0 /usr/lib/gcc/avr/5.4.0/../../../avr/lib/avr6/libm.a(fp_nan.o)
 .text          0x000000000000012a        0x0 /usr/lib/gcc/avr/5.4.0/../../../avr/lib/avr6/libm.a(fp_pscA.o)
 .text          0x000000000000012a        0x0 /usr/lib/gcc/avr/5.4.0/../../../avr/lib/avr6/libm.a(fp_pscB.o)
 .text          0x000000000000012a        0x0 /usr/lib/gcc/avr/5.4.0/../../../avr/lib/avr6/libm.a(fp_round.o)
 .text          0x000000000000012a        0x0 /usr/lib/gcc/avr/5.4.0/../../../avr/lib/avr6/libm.a(fp_split3.o)
 .text          0x000000000000012a        0x0 /usr/lib/gcc/avr/5.4.0/../../../avr/lib/avr6/libm.a(fp_zero.o)
 .text          0x000000000000012a        0x0 /usr/lib/gcc/avr/5.4.0/../../../avr/lib/avr6/libm.a(mulsf3.o)
 .text          0x000000000000012a        0x0 /usr/lib/gcc/avr/5.4.0/../../../avr/lib/avr6/libm.a(mulsf3x.o)
 .text          0x000000000000012a        0x0 /usr/lib/gcc/avr/5.4.0/../../../avr/lib/avr6/libm.a(sqrt.o)
 .text          0x000000000000012a        0x0 /usr/lib/gcc/avr/5.4.0/../../../avr/lib/avr6/libm.a(fp_mpack.o)
 .text          0x000000000000012a        0x0 /usr/lib/gcc/avr/5.4.0/../../../avr/lib/avr6/libm.a(fp_norm2.o)
                0x000000000000012a                . = ALIGN (0x2)
 *(.text.*)
 .text.FiniteState
                0x000000000000012a      0x130 ./FSM.o
                0x000000000000012a                FiniteState
 .text.analogWrite
                0x000000000000025a       0x50 ./GeneralFunc.o
                0x000000000000025a                analogWrite
 .text.pwm_init
                0x00000000000002aa       0x16 ./GeneralFunc.o
                0x00000000000002aa                pwm_init
 .text.analogRead
                0x00000000000002c0       0x2a ./GeneralFunc.o
                0x00000000000002c0                analogRead
 .text.adc_init
                0x00000000000002ea       0x16 ./GeneralFunc.o
                0x00000000000002ea                adc_init
 .text.mapping  0x0000000000000300        0xa ./GeneralFunc.o
                0x0000000000000300                mapping
 .text.CheckObs
                0x000000000000030a      0x504 ./MapMaze.o
                0x000000000000030a                CheckObs
 .text.UpdateArray
                0x000000000000080e       0x22 ./MapMaze.o
                0x000000000000080e                UpdateArray
 .text.EcluideanDist
                0x0000000000000830       0x8c ./MapMaze.o
                0x0000000000000830                EcluideanDist
 .text.CheckMaze
                0x00000000000008bc       0xda ./MapMaze.o
                0x00000000000008bc                CheckMaze
 .text.initMaze
                0x0000000000000996       0x28 ./MapMaze.o
                0x0000000000000996                initMaze
 .text.TothatBox
                0x00000000000009be      0x68a ./MapMaze.o
                0x00000000000009be                TothatBox
 .text.FindTheDest
                0x0000000000001048       0x82 ./MapMaze.o
                0x0000000000001048                FindTheDest
 .text.BackToHome
                0x00000000000010ca       0x18 ./MapMaze.o
                0x00000000000010ca                BackToHome
 .text.stops    0x00000000000010e2       0x22 ./MotorDriver.o
                0x00000000000010e2                stops
 .text.turnright
                0x0000000000001104       0x22 ./MotorDriver.o
                0x0000000000001104                turnright
 .text.turnleft
                0x0000000000001126       0x22 ./MotorDriver.o
                0x0000000000001126                turnleft
 .text.forward  0x0000000000001148       0x26 ./MotorDriver.o
                0x0000000000001148                forward
 .text.bacrward
                0x000000000000116e       0x26 ./MotorDriver.o
                0x000000000000116e                bacrward
 .text.Realstops
                0x0000000000001194        0x8 ./MotorDriver.o
                0x0000000000001194                Realstops
 .text.readObs  0x000000000000119c       0x18 ./Obs.o
                0x000000000000119c                readObs
 .text.PINtoInt
                0x00000000000011b4        0xe ./Obs.o
                0x00000000000011b4                PINtoInt
 .text.WhereYouGo
                0x00000000000011c2      0x102 ./Obs.o
                0x00000000000011c2                WhereYouGo
 .text.MotorPinInit
                0x00000000000012c4        0xc ./PinDefined.o
                0x00000000000012c4                MotorPinInit
 .text.ObstacleInit
                0x00000000000012d0        0xe ./PinDefined.o
                0x00000000000012d0                ObstacleInit
 .text.ExtInit  0x00000000000012de        0x4 ./PinDefined.o
                0x00000000000012de                ExtInit
 .text.initUSART
                0x00000000000012e2       0x22 ./USART.o
                0x00000000000012e2                initUSART
 .text.transmitByte
                0x0000000000001304        0xe ./USART.o
                0x0000000000001304                transmitByte
 .text.receiveByte
                0x0000000000001312        0xe ./USART.o
                0x0000000000001312                receiveByte
 .text.printString
                0x0000000000001320       0x26 ./USART.o
                0x0000000000001320                printString
 .text.readString
                0x0000000000001346       0x58 ./USART.o
                0x0000000000001346                readString
 .text.printByte
                0x000000000000139e       0x32 ./USART.o
                0x000000000000139e                printByte
 .text.printWord
                0x00000000000013d0       0x76 ./USART.o
                0x00000000000013d0                printWord
 .text.printBinaryByte
                0x0000000000001446       0x3c ./USART.o
                0x0000000000001446                printBinaryByte
 .text.nibbleToHexCharacter
                0x0000000000001482        0xc ./USART.o
                0x0000000000001482                nibbleToHexCharacter
 .text.printHexByte
                0x000000000000148e       0x1e ./USART.o
                0x000000000000148e                printHexByte
 .text.getNumber
                0x00000000000014ac       0x48 ./USART.o
                0x00000000000014ac                getNumber
 .text.initRobot
                0x00000000000014f4       0x34 ./main.o
                0x00000000000014f4                initRobot
 .text.startup.main
                0x0000000000001528       0x2e ./main.o
                0x0000000000001528                main
 .text.libgcc.mul
                0x0000000000001556        0x0 /usr/lib/gcc/avr/5.4.0/avr6/libgcc.a(_udivmodqi4.o)
 .text.libgcc.div
                0x0000000000001556       0x18 /usr/lib/gcc/avr/5.4.0/avr6/libgcc.a(_udivmodqi4.o)
                0x0000000000001556                __udivmodqi4
 .text.libgcc   0x000000000000156e        0x0 /usr/lib/gcc/avr/5.4.0/avr6/libgcc.a(_udivmodqi4.o)
 .text.libgcc.prologue
                0x000000000000156e        0x0 /usr/lib/gcc/avr/5.4.0/avr6/libgcc.a(_udivmodqi4.o)
 .text.libgcc.builtins
                0x000000000000156e        0x0 /usr/lib/gcc/avr/5.4.0/avr6/libgcc.a(_udivmodqi4.o)
 .text.libgcc.fmul
                0x000000000000156e        0x0 /usr/lib/gcc/avr/5.4.0/avr6/libgcc.a(_udivmodqi4.o)
 .text.libgcc.fixed
                0x000000000000156e        0x0 /usr/lib/gcc/avr/5.4.0/avr6/libgcc.a(_udivmodqi4.o)
 .text.libgcc.mul
                0x000000000000156e        0x0 /usr/lib/gcc/avr/5.4.0/avr6/libgcc.a(_udivmodhi4.o)
 .text.libgcc.div
                0x000000000000156e       0x28 /usr/lib/gcc/avr/5.4.0/avr6/libgcc.a(_udivmodhi4.o)
                0x000000000000156e                __udivmodhi4
 .text.libgcc   0x0000000000001596        0x0 /usr/lib/gcc/avr/5.4.0/avr6/libgcc.a(_udivmodhi4.o)
 .text.libgcc.prologue
                0x0000000000001596        0x0 /usr/lib/gcc/avr/5.4.0/avr6/libgcc.a(_udivmodhi4.o)
 .text.libgcc.builtins
                0x0000000000001596        0x0 /usr/lib/gcc/avr/5.4.0/avr6/libgcc.a(_udivmodhi4.o)
 .text.libgcc.fmul
                0x0000000000001596        0x0 /usr/lib/gcc/avr/5.4.0/avr6/libgcc.a(_udivmodhi4.o)
 .text.libgcc.fixed
                0x0000000000001596        0x0 /usr/lib/gcc/avr/5.4.0/avr6/libgcc.a(_udivmodhi4.o)
 .text.libgcc.mul
                0x0000000000001596        0x0 /usr/lib/gcc/avr/5.4.0/avr6/libgcc.a(_exit.o)
 .text.libgcc.div
                0x0000000000001596        0x0 /usr/lib/gcc/avr/5.4.0/avr6/libgcc.a(_exit.o)
 .text.libgcc   0x0000000000001596        0x0 /usr/lib/gcc/avr/5.4.0/avr6/libgcc.a(_exit.o)
 .text.libgcc.prologue
                0x0000000000001596        0x0 /usr/lib/gcc/avr/5.4.0/avr6/libgcc.a(_exit.o)
 .text.libgcc.builtins
                0x0000000000001596        0x0 /usr/lib/gcc/avr/5.4.0/avr6/libgcc.a(_exit.o)
 .text.libgcc.fmul
                0x0000000000001596        0x0 /usr/lib/gcc/avr/5.4.0/avr6/libgcc.a(_exit.o)
 .text.libgcc.fixed
                0x0000000000001596        0x0 /usr/lib/gcc/avr/5.4.0/avr6/libgcc.a(_exit.o)
 .text.libgcc.mul
                0x0000000000001596        0x0 /usr/lib/gcc/avr/5.4.0/avr6/libgcc.a(_copy_data.o)
 .text.libgcc.div
                0x0000000000001596        0x0 /usr/lib/gcc/avr/5.4.0/avr6/libgcc.a(_copy_data.o)
 .text.libgcc   0x0000000000001596        0x0 /usr/lib/gcc/avr/5.4.0/avr6/libgcc.a(_copy_data.o)
 .text.libgcc.prologue
                0x0000000000001596        0x0 /usr/lib/gcc/avr/5.4.0/avr6/libgcc.a(_copy_data.o)
 .text.libgcc.builtins
                0x0000000000001596        0x0 /usr/lib/gcc/avr/5.4.0/avr6/libgcc.a(_copy_data.o)
 .text.libgcc.fmul
                0x0000000000001596        0x0 /usr/lib/gcc/avr/5.4.0/avr6/libgcc.a(_copy_data.o)
 .text.libgcc.fixed
                0x0000000000001596        0x0 /usr/lib/gcc/avr/5.4.0/avr6/libgcc.a(_copy_data.o)
 .text.libgcc.mul
                0x0000000000001596        0x0 /usr/lib/gcc/avr/5.4.0/avr6/libgcc.a(_clear_bss.o)
 .text.libgcc.div
                0x0000000000001596        0x0 /usr/lib/gcc/avr/5.4.0/avr6/libgcc.a(_clear_bss.o)
 .text.libgcc   0x0000000000001596        0x0 /usr/lib/gcc/avr/5.4.0/avr6/libgcc.a(_clear_bss.o)
 .text.libgcc.prologue
                0x0000000000001596        0x0 /usr/lib/gcc/avr/5.4.0/avr6/libgcc.a(_clear_bss.o)
 .text.libgcc.builtins
                0x0000000000001596        0x0 /usr/lib/gcc/avr/5.4.0/avr6/libgcc.a(_clear_bss.o)
 .text.libgcc.fmul
                0x0000000000001596        0x0 /usr/lib/gcc/avr/5.4.0/avr6/libgcc.a(_clear_bss.o)
 .text.libgcc.fixed
                0x0000000000001596        0x0 /usr/lib/gcc/avr/5.4.0/avr6/libgcc.a(_clear_bss.o)
 .text.avr-libc.fplib
                0x0000000000001596        0xe /usr/lib/gcc/avr/5.4.0/../../../avr/lib/avr6/libm.a(addsf3.o)
                0x0000000000001596                __subsf3
                0x0000000000001598                __addsf3
 .text.avr-libc.fplib
                0x00000000000015a4       0xcc /usr/lib/gcc/avr/5.4.0/../../../avr/lib/avr6/libm.a(addsf3x.o)
                0x00000000000015c6                __addsf3x
 .text.avr-libc.fplib
                0x0000000000001670       0x5e /usr/lib/gcc/avr/5.4.0/../../../avr/lib/avr6/libm.a(fixunssfsi.o)
                0x0000000000001670                __fixunssfsi
 .text.avr-libc.fplib
                0x00000000000016ce       0x7a /usr/lib/gcc/avr/5.4.0/../../../avr/lib/avr6/libm.a(floatsisf.o)
                0x00000000000016ce                __floatunsisf
                0x00000000000016d2                __floatsisf
 .text.avr-libc.fplib
                0x0000000000001748        0xc /usr/lib/gcc/avr/5.4.0/../../../avr/lib/avr6/libm.a(fp_inf.o)
                0x0000000000001748                __fp_inf
 .text.avr-libc.fplib
                0x0000000000001754        0x6 /usr/lib/gcc/avr/5.4.0/../../../avr/lib/avr6/libm.a(fp_nan.o)
                0x0000000000001754                __fp_nan
 .text.avr-libc.fplib
                0x000000000000175a        0xe /usr/lib/gcc/avr/5.4.0/../../../avr/lib/avr6/libm.a(fp_pscA.o)
                0x000000000000175a                __fp_pscA
 .text.avr-libc.fplib
                0x0000000000001768        0xe /usr/lib/gcc/avr/5.4.0/../../../avr/lib/avr6/libm.a(fp_pscB.o)
                0x0000000000001768                __fp_pscB
 .text.avr-libc.fplib
                0x0000000000001776       0x22 /usr/lib/gcc/avr/5.4.0/../../../avr/lib/avr6/libm.a(fp_round.o)
                0x0000000000001776                __fp_round
 .text.avr-libc.fplib
                0x0000000000001798       0x44 /usr/lib/gcc/avr/5.4.0/../../../avr/lib/avr6/libm.a(fp_split3.o)
                0x0000000000001798                __fp_split3
                0x00000000000017a8                __fp_splitA
 .text.avr-libc.fplib
                0x00000000000017dc        0xe /usr/lib/gcc/avr/5.4.0/../../../avr/lib/avr6/libm.a(fp_zero.o)
                0x00000000000017dc                __fp_zero
                0x00000000000017de                __fp_szero
 .text.avr-libc.fplib
                0x00000000000017ea        0x8 /usr/lib/gcc/avr/5.4.0/../../../avr/lib/avr6/libm.a(mulsf3.o)
                0x00000000000017ea                __mulsf3
 .text.avr-libc.fplib
                0x00000000000017f2       0xd2 /usr/lib/gcc/avr/5.4.0/../../../avr/lib/avr6/libm.a(mulsf3x.o)
                0x0000000000001810                __mulsf3x
                0x0000000000001816                __mulsf3_pse
 .text.avr-libc.fplib
                0x00000000000018c4       0x8c /usr/lib/gcc/avr/5.4.0/../../../avr/lib/avr6/libm.a(sqrt.o)
                0x00000000000018d0                sqrt
                0x00000000000018d0                sqrtf
 .text.avr-libc.fplib
                0x0000000000001950       0x1c /usr/lib/gcc/avr/5.4.0/../../../avr/lib/avr6/libm.a(fp_mpack.o)
                0x0000000000001950                __fp_mpack
                0x0000000000001954                __fp_mpack_finite
 .text.avr-libc.fplib
                0x000000000000196c        0xe /usr/lib/gcc/avr/5.4.0/../../../avr/lib/avr6/libm.a(fp_norm2.o)
                0x000000000000196c                __fp_norm2
                0x000000000000197a                . = ALIGN (0x2)
 *(.fini9)
 .fini9         0x000000000000197a        0x0 /usr/lib/gcc/avr/5.4.0/avr6/libgcc.a(_exit.o)
                0x000000000000197a                exit
                0x000000000000197a                _exit
 *(.fini9)
 *(.fini8)
 *(.fini8)
 *(.fini7)
 *(.fini7)
 *(.fini6)
 *(.fini6)
 *(.fini5)
 *(.fini5)
 *(.fini4)
 *(.fini4)
 *(.fini3)
 *(.fini3)
 *(.fini2)
 *(.fini2)
 *(.fini1)
 *(.fini1)
 *(.fini0)
 .fini0         0x000000000000197a        0x4 /usr/lib/gcc/avr/5.4.0/avr6/libgcc.a(_exit.o)
 *(.fini0)
                0x000000000000197e                _etext = .

.data           0x0000000000800200      0x13e load address 0x000000000000197e
                0x0000000000800200                PROVIDE (__data_start, .)
 *(.data)
 .data          0x0000000000800200        0x0 /usr/lib/gcc/avr/5.4.0/../../../avr/lib/avr6/crtatmega2560.o
 .data          0x0000000000800200        0x0 ./FSM.o
 .data          0x0000000000800200        0x0 ./GeneralFunc.o
 .data          0x0000000000800200        0x0 ./MapMaze.o
 .data          0x0000000000800200        0x0 ./MotorDriver.o
 .data          0x0000000000800200        0x0 ./Obs.o
 .data          0x0000000000800200        0x0 ./PinDefined.o
 .data          0x0000000000800200        0x0 ./USART.o
 .data          0x0000000000800200        0x0 ./main.o
 .data          0x0000000000800200        0x0 /usr/lib/gcc/avr/5.4.0/avr6/libgcc.a(_udivmodqi4.o)
 .data          0x0000000000800200        0x0 /usr/lib/gcc/avr/5.4.0/avr6/libgcc.a(_udivmodhi4.o)
 .data          0x0000000000800200        0x0 /usr/lib/gcc/avr/5.4.0/avr6/libgcc.a(_exit.o)
 .data          0x0000000000800200        0x0 /usr/lib/gcc/avr/5.4.0/avr6/libgcc.a(_copy_data.o)
 .data          0x0000000000800200        0x0 /usr/lib/gcc/avr/5.4.0/avr6/libgcc.a(_clear_bss.o)
 .data          0x0000000000800200        0x0 /usr/lib/gcc/avr/5.4.0/../../../avr/lib/avr6/libm.a(addsf3.o)
 .data          0x0000000000800200        0x0 /usr/lib/gcc/avr/5.4.0/../../../avr/lib/avr6/libm.a(addsf3x.o)
 .data          0x0000000000800200        0x0 /usr/lib/gcc/avr/5.4.0/../../../avr/lib/avr6/libm.a(fixunssfsi.o)
 .data          0x0000000000800200        0x0 /usr/lib/gcc/avr/5.4.0/../../../avr/lib/avr6/libm.a(floatsisf.o)
 .data          0x0000000000800200        0x0 /usr/lib/gcc/avr/5.4.0/../../../avr/lib/avr6/libm.a(fp_inf.o)
 .data          0x0000000000800200        0x0 /usr/lib/gcc/avr/5.4.0/../../../avr/lib/avr6/libm.a(fp_nan.o)
 .data          0x0000000000800200        0x0 /usr/lib/gcc/avr/5.4.0/../../../avr/lib/avr6/libm.a(fp_pscA.o)
 .data          0x0000000000800200        0x0 /usr/lib/gcc/avr/5.4.0/../../../avr/lib/avr6/libm.a(fp_pscB.o)
 .data          0x0000000000800200        0x0 /usr/lib/gcc/avr/5.4.0/../../../avr/lib/avr6/libm.a(fp_round.o)
 .data          0x0000000000800200        0x0 /usr/lib/gcc/avr/5.4.0/../../../avr/lib/avr6/libm.a(fp_split3.o)
 .data          0x0000000000800200        0x0 /usr/lib/gcc/avr/5.4.0/../../../avr/lib/avr6/libm.a(fp_zero.o)
 .data          0x0000000000800200        0x0 /usr/lib/gcc/avr/5.4.0/../../../avr/lib/avr6/libm.a(mulsf3.o)
 .data          0x0000000000800200        0x0 /usr/lib/gcc/avr/5.4.0/../../../avr/lib/avr6/libm.a(mulsf3x.o)
 .data          0x0000000000800200        0x0 /usr/lib/gcc/avr/5.4.0/../../../avr/lib/avr6/libm.a(sqrt.o)
 .data          0x0000000000800200        0x0 /usr/lib/gcc/avr/5.4.0/../../../avr/lib/avr6/libm.a(fp_mpack.o)
 .data          0x0000000000800200        0x0 /usr/lib/gcc/avr/5.4.0/../../../avr/lib/avr6/libm.a(fp_norm2.o)
 *(.data*)
 *(.gnu.linkonce.d*)
 *(.rodata)
 *(.rodata*)
 .rodata.str1.1
                0x0000000000800200       0x34 ./FSM.o
 .rodata.str1.1
                0x0000000000800234        0xc ./GeneralFunc.o
 .rodata.str1.1
                0x0000000000800240       0x89 ./MapMaze.o
                                         0x8d (size before relaxing)
 .rodata.str1.1
                0x00000000008002c9       0x42 ./MotorDriver.o
 .rodata.str1.1
                0x000000000080030b        0xe ./Obs.o
 .rodata.str1.1
                0x0000000000800319       0x25 ./main.o
 *(.gnu.linkonce.r*)
                0x000000000080033e                . = ALIGN (0x2)
                0x000000000080033e                _edata = .
                0x000000000080033e                PROVIDE (__data_end, .)

.bss            0x000000000080033e     0x1c3a
                0x000000000080033e                PROVIDE (__bss_start, .)
 *(.bss)
 .bss           0x000000000080033e        0x0 /usr/lib/gcc/avr/5.4.0/../../../avr/lib/avr6/crtatmega2560.o
 .bss           0x000000000080033e        0x0 ./FSM.o
 .bss           0x000000000080033e        0x0 ./GeneralFunc.o
 .bss           0x000000000080033e        0x0 ./MapMaze.o
 .bss           0x000000000080033e        0x0 ./MotorDriver.o
 .bss           0x000000000080033e        0x0 ./Obs.o
 .bss           0x000000000080033e        0x0 ./PinDefined.o
 .bss           0x000000000080033e        0x0 ./USART.o
 .bss           0x000000000080033e        0x0 ./main.o
 .bss           0x000000000080033e        0x0 /usr/lib/gcc/avr/5.4.0/avr6/libgcc.a(_udivmodqi4.o)
 .bss           0x000000000080033e        0x0 /usr/lib/gcc/avr/5.4.0/avr6/libgcc.a(_udivmodhi4.o)
 .bss           0x000000000080033e        0x0 /usr/lib/gcc/avr/5.4.0/avr6/libgcc.a(_exit.o)
 .bss           0x000000000080033e        0x0 /usr/lib/gcc/avr/5.4.0/avr6/libgcc.a(_copy_data.o)
 .bss           0x000000000080033e        0x0 /usr/lib/gcc/avr/5.4.0/avr6/libgcc.a(_clear_bss.o)
 .bss           0x000000000080033e        0x0 /usr/lib/gcc/avr/5.4.0/../../../avr/lib/avr6/libm.a(addsf3.o)
 .bss           0x000000000080033e        0x0 /usr/lib/gcc/avr/5.4.0/../../../avr/lib/avr6/libm.a(addsf3x.o)
 .bss           0x000000000080033e        0x0 /usr/lib/gcc/avr/5.4.0/../../../avr/lib/avr6/libm.a(fixunssfsi.o)
 .bss           0x000000000080033e        0x0 /usr/lib/gcc/avr/5.4.0/../../../avr/lib/avr6/libm.a(floatsisf.o)
 .bss           0x000000000080033e        0x0 /usr/lib/gcc/avr/5.4.0/../../../avr/lib/avr6/libm.a(fp_inf.o)
 .bss           0x000000000080033e        0x0 /usr/lib/gcc/avr/5.4.0/../../../avr/lib/avr6/libm.a(fp_nan.o)
 .bss           0x000000000080033e        0x0 /usr/lib/gcc/avr/5.4.0/../../../avr/lib/avr6/libm.a(fp_pscA.o)
 .bss           0x000000000080033e        0x0 /usr/lib/gcc/avr/5.4.0/../../../avr/lib/avr6/libm.a(fp_pscB.o)
 .bss           0x000000000080033e        0x0 /usr/lib/gcc/avr/5.4.0/../../../avr/lib/avr6/libm.a(fp_round.o)
 .bss           0x000000000080033e        0x0 /usr/lib/gcc/avr/5.4.0/../../../avr/lib/avr6/libm.a(fp_split3.o)
 .bss           0x000000000080033e        0x0 /usr/lib/gcc/avr/5.4.0/../../../avr/lib/avr6/libm.a(fp_zero.o)
 .bss           0x000000000080033e        0x0 /usr/lib/gcc/avr/5.4.0/../../../avr/lib/avr6/libm.a(mulsf3.o)
 .bss           0x000000000080033e        0x0 /usr/lib/gcc/avr/5.4.0/../../../avr/lib/avr6/libm.a(mulsf3x.o)
 .bss           0x000000000080033e        0x0 /usr/lib/gcc/avr/5.4.0/../../../avr/lib/avr6/libm.a(sqrt.o)
 .bss           0x000000000080033e        0x0 /usr/lib/gcc/avr/5.4.0/../../../avr/lib/avr6/libm.a(fp_mpack.o)
 .bss           0x000000000080033e        0x0 /usr/lib/gcc/avr/5.4.0/../../../avr/lib/avr6/libm.a(fp_norm2.o)
 *(.bss*)
 .bss.pos.1823  0x000000000080033e        0x4 ./MapMaze.o
 *(COMMON)
 COMMON         0x0000000000800342     0x1c36 ./FSM.o
                0x0000000000800342                CurrentPos
                0x0000000000800346                CurStateRobo
                0x0000000000800347                posDes
                0x0000000000800349                DirToGo
                0x000000000080034b                maze
                0x0000000000801f6b                direction
                0x0000000000801f6f                isExecute
                0x0000000000801f70                StateRobo
                0x0000000000801f71                imstuck
                0x0000000000801f72                headdirect
                0x0000000000801f76                ArrayProp
                0x0000000000801f78                PROVIDE (__bss_end, .)
                0x000000000000197e                __data_load_start = LOADADDR (.data)
                0x0000000000001abc                __data_load_end = (__data_load_start + SIZEOF (.data))

.noinit         0x0000000000801f78        0x0
                [!provide]                        PROVIDE (__noinit_start, .)
 *(.noinit*)
                [!provide]                        PROVIDE (__noinit_end, .)
                0x0000000000801f78                _end = .
                [!provide]                        PROVIDE (__heap_start, .)

.eeprom         0x0000000000810000        0x0
 *(.eeprom*)
                0x0000000000810000                __eeprom_end = .

.fuse
 *(.fuse)
 *(.lfuse)
 *(.hfuse)
 *(.efuse)

.lock
 *(.lock*)

.signature
 *(.signature*)

.user_signatures
 *(.user_signatures*)

.stab
 *(.stab)

.stabstr
 *(.stabstr)

.stab.excl
 *(.stab.excl)

.stab.exclstr
 *(.stab.exclstr)

.stab.index
 *(.stab.index)

.stab.indexstr
 *(.stab.indexstr)

.comment        0x0000000000000000       0x11
 *(.comment)
 .comment       0x0000000000000000       0x11 ./FSM.o
                                         0x12 (size before relaxing)
 .comment       0x0000000000000011       0x12 ./GeneralFunc.o
 .comment       0x0000000000000011       0x12 ./MapMaze.o
 .comment       0x0000000000000011       0x12 ./MotorDriver.o
 .comment       0x0000000000000011       0x12 ./Obs.o
 .comment       0x0000000000000011       0x12 ./PinDefined.o
 .comment       0x0000000000000011       0x12 ./USART.o
 .comment       0x0000000000000011       0x12 ./main.o

.note.gnu.avr.deviceinfo
                0x0000000000000000       0x40
 .note.gnu.avr.deviceinfo
                0x0000000000000000       0x40 /usr/lib/gcc/avr/5.4.0/../../../avr/lib/avr6/crtatmega2560.o

.note.gnu.build-id
 *(.note.gnu.build-id)

.debug
 *(.debug)

.line
 *(.line)

.debug_srcinfo
 *(.debug_srcinfo)

.debug_sfnames
 *(.debug_sfnames)

.debug_aranges
 *(.debug_aranges)

.debug_pubnames
 *(.debug_pubnames)

.debug_info     0x0000000000000000      0xbbc
 *(.debug_info .gnu.linkonce.wi.*)
 .debug_info    0x0000000000000000      0xbbc /usr/lib/gcc/avr/5.4.0/../../../avr/lib/avr6/crtatmega2560.o

.debug_abbrev   0x0000000000000000      0xb1a
 *(.debug_abbrev)
 .debug_abbrev  0x0000000000000000      0xb1a /usr/lib/gcc/avr/5.4.0/../../../avr/lib/avr6/crtatmega2560.o

.debug_line     0x0000000000000000       0x1a
 *(.debug_line .debug_line.* .debug_line_end)
 .debug_line    0x0000000000000000       0x1a /usr/lib/gcc/avr/5.4.0/../../../avr/lib/avr6/crtatmega2560.o

.debug_frame
 *(.debug_frame)

.debug_str      0x0000000000000000      0x3e6
 *(.debug_str)
 .debug_str     0x0000000000000000      0x3e6 /usr/lib/gcc/avr/5.4.0/../../../avr/lib/avr6/crtatmega2560.o

.debug_loc
 *(.debug_loc)

.debug_macinfo
 *(.debug_macinfo)

.debug_weaknames
 *(.debug_weaknames)

.debug_funcnames
 *(.debug_funcnames)

.debug_typenames
 *(.debug_typenames)

.debug_varnames
 *(.debug_varnames)

.debug_pubtypes
 *(.debug_pubtypes)

.debug_ranges
 *(.debug_ranges)

.debug_macro
 *(.debug_macro)
OUTPUT(Brave_Adventurer.elf elf32-avr)
LOAD linker stubs
